Component: ARM Compiler 5.06 update 7 (build 960) Tool: armlink [4d3601]

==============================================================================

Section Cross References

    startup_stm32f405xx.o(STACK) refers (Special) to heapauxi.o(.text) for __use_two_region_memory
    startup_stm32f405xx.o(HEAP) refers (Special) to heapauxi.o(.text) for __use_two_region_memory
    startup_stm32f405xx.o(RESET) refers (Special) to heapauxi.o(.text) for __use_two_region_memory
    startup_stm32f405xx.o(RESET) refers to startup_stm32f405xx.o(STACK) for __initial_sp
    startup_stm32f405xx.o(RESET) refers to startup_stm32f405xx.o(.text) for Reset_Handler
    startup_stm32f405xx.o(RESET) refers to stm32f4xx_it.o(i.NMI_Handler) for NMI_Handler
    startup_stm32f405xx.o(RESET) refers to stm32f4xx_it.o(i.HardFault_Handler) for HardFault_Handler
    startup_stm32f405xx.o(RESET) refers to stm32f4xx_it.o(i.MemManage_Handler) for MemManage_Handler
    startup_stm32f405xx.o(RESET) refers to stm32f4xx_it.o(i.BusFault_Handler) for BusFault_Handler
    startup_stm32f405xx.o(RESET) refers to stm32f4xx_it.o(i.UsageFault_Handler) for UsageFault_Handler
    startup_stm32f405xx.o(RESET) refers to port.o(.emb_text) for SVC_Handler
    startup_stm32f405xx.o(RESET) refers to stm32f4xx_it.o(i.DebugMon_Handler) for DebugMon_Handler
    startup_stm32f405xx.o(RESET) refers to cmsis_os2.o(i.SysTick_Handler) for SysTick_Handler
    startup_stm32f405xx.o(RESET) refers to stm32f4xx_it.o(i.DMA1_Stream2_IRQHandler) for DMA1_Stream2_IRQHandler
    startup_stm32f405xx.o(RESET) refers to stm32f4xx_it.o(i.DMA1_Stream4_IRQHandler) for DMA1_Stream4_IRQHandler
    startup_stm32f405xx.o(RESET) refers to stm32f4xx_it.o(i.DMA1_Stream5_IRQHandler) for DMA1_Stream5_IRQHandler
    startup_stm32f405xx.o(RESET) refers to stm32f4xx_it.o(i.TIM1_UP_TIM10_IRQHandler) for TIM1_UP_TIM10_IRQHandler
    startup_stm32f405xx.o(RESET) refers to stm32f4xx_it.o(i.UART4_IRQHandler) for UART4_IRQHandler
    startup_stm32f405xx.o(.text) refers (Special) to heapauxi.o(.text) for __use_two_region_memory
    startup_stm32f405xx.o(.text) refers to system_stm32f4xx.o(i.SystemInit) for SystemInit
    startup_stm32f405xx.o(.text) refers to __main.o(!!!main) for __main
    startup_stm32f405xx.o(.text) refers to startup_stm32f405xx.o(HEAP) for Heap_Mem
    startup_stm32f405xx.o(.text) refers to startup_stm32f405xx.o(STACK) for Stack_Mem
    main.o(i.HAL_TIM_PeriodElapsedCallback) refers to stm32f4xx_hal.o(i.HAL_IncTick) for HAL_IncTick
    main.o(i.HAL_UARTEx_RxEventCallback) refers to usart_rxcallback.o(i.Usart_RxCallBack_ProcessRxData) for Usart_RxCallBack_ProcessRxData
    main.o(i.SystemClock_Config) refers to rt_memclr_w.o(.text) for __aeabi_memclr4
    main.o(i.SystemClock_Config) refers to stm32f4xx_hal_rcc.o(i.HAL_RCC_OscConfig) for HAL_RCC_OscConfig
    main.o(i.SystemClock_Config) refers to stm32f4xx_hal_rcc.o(i.HAL_RCC_ClockConfig) for HAL_RCC_ClockConfig
    main.o(i.main) refers to stm32f4xx_hal.o(i.HAL_Init) for HAL_Init
    main.o(i.main) refers to main.o(i.SystemClock_Config) for SystemClock_Config
    main.o(i.main) refers to gpio.o(i.MX_GPIO_Init) for MX_GPIO_Init
    main.o(i.main) refers to dma.o(i.MX_DMA_Init) for MX_DMA_Init
    main.o(i.main) refers to can.o(i.MX_CAN1_Init) for MX_CAN1_Init
    main.o(i.main) refers to usart.o(i.MX_UART4_Init) for MX_UART4_Init
    main.o(i.main) refers to usart.o(i.MX_USART2_UART_Init) for MX_USART2_UART_Init
    main.o(i.main) refers to cmsis_os2.o(i.osKernelInitialize) for osKernelInitialize
    main.o(i.main) refers to freertos.o(i.MX_FREERTOS_Init) for MX_FREERTOS_Init
    main.o(i.main) refers to usart_rxcallback.o(i.Usart_RxCallBack_Init) for Usart_RxCallBack_Init
    main.o(i.main) refers to usart_rxcallback.o(i.Usart_RxCallBack_StartDmaReception) for Usart_RxCallBack_StartDmaReception
    main.o(i.main) refers to cmsis_os2.o(i.osKernelStart) for osKernelStart
    freertos.o(i.MX_FREERTOS_Init) refers to cmsis_os2.o(i.osMessageQueueNew) for osMessageQueueNew
    freertos.o(i.MX_FREERTOS_Init) refers to cmsis_os2.o(i.osThreadNew) for osThreadNew
    freertos.o(i.MX_FREERTOS_Init) refers to freertos.o(.constdata) for .constdata
    freertos.o(i.MX_FREERTOS_Init) refers to freertos.o(.data) for .data
    freertos.o(i.MX_FREERTOS_Init) refers to freertos.o(i.StartDefaultTask) for StartDefaultTask
    freertos.o(i.MX_FREERTOS_Init) refers to task.o(i.StartTask02) for StartTask02
    freertos.o(i.MX_FREERTOS_Init) refers to task.o(i.StartTask03) for StartTask03
    freertos.o(i.MX_FREERTOS_Init) refers to task.o(i.StartTask04) for StartTask04
    freertos.o(i.StartDefaultTask) refers to cmsis_os2.o(i.osDelay) for osDelay
    freertos.o(i.StartTask02) refers to cmsis_os2.o(i.osDelay) for osDelay
    freertos.o(i.StartTask03) refers to cmsis_os2.o(i.osDelay) for osDelay
    freertos.o(i.StartTask04) refers to cmsis_os2.o(i.osDelay) for osDelay
    freertos.o(.constdata) refers to freertos.o(.conststring) for .conststring
[...]
    __scatterload_rt2_thumb_only             0x08000191   Thumb Code     0  __scatter.o(!!!scatter)
    __scatterload_null                       0x0800019f   Thumb Code     0  __scatter.o(!!!scatter)
    __scatterload_copy                       0x080001c5   Thumb Code    26  __scatter_copy.o(!!handler_copy)
    __scatterload_zeroinit                   0x080001e1   Thumb Code    28  __scatter_zi.o(!!handler_zi)
    __rt_lib_init                            0x080001fd   Thumb Code     0  libinit.o(.ARM.Collect$$libinit$$00000000)
    __rt_lib_init_fp_1                       0x080001ff   Thumb Code     0  libinit2.o(.ARM.Collect$$libinit$$00000001)
    __rt_lib_init_heap_1                     0x08000203   Thumb Code     0  libinit2.o(.ARM.Collect$$libinit$$0000000A)
    __rt_lib_init_lc_common                  0x08000203   Thumb Code     0  libinit2.o(.ARM.Collect$$libinit$$0000000F)
    __rt_lib_init_preinit_1                  0x08000203   Thumb Code     0  libinit2.o(.ARM.Collect$$libinit$$00000004)
    __rt_lib_init_rand_1                     0x08000203   Thumb Code     0  libinit2.o(.ARM.Collect$$libinit$$0000000E)
    __rt_lib_init_user_alloc_1               0x08000203   Thumb Code     0  libinit2.o(.ARM.Collect$$libinit$$0000000C)
    __rt_lib_init_lc_collate_1               0x08000209   Thumb Code     0  libinit2.o(.ARM.Collect$$libinit$$00000011)
    __rt_lib_init_lc_ctype_2                 0x08000209   Thumb Code     0  libinit2.o(.ARM.Collect$$libinit$$00000012)
    __rt_lib_init_lc_ctype_1                 0x08000215   Thumb Code     0  libinit2.o(.ARM.Collect$$libinit$$00000013)
    __rt_lib_init_lc_monetary_1              0x08000215   Thumb Code     0  libinit2.o(.ARM.Collect$$libinit$$00000015)
    __rt_lib_init_lc_numeric_2               0x08000215   Thumb Code     0  libinit2.o(.ARM.Collect$$libinit$$00000016)
    __rt_lib_init_alloca_1                   0x0800021f   Thumb Code     0  libinit2.o(.ARM.Collect$$libinit$$0000002E)
    __rt_lib_init_argv_1                     0x0800021f   Thumb Code     0  libinit2.o(.ARM.Collect$$libinit$$0000002C)
    __rt_lib_init_atexit_1                   0x0800021f   Thumb Code     0  libinit2.o(.ARM.Collect$$libinit$$0000001B)
    __rt_lib_init_clock_1                    0x0800021f   Thumb Code     0  libinit2.o(.ARM.Collect$$libinit$$00000021)
    __rt_lib_init_cpp_1                      0x0800021f   Thumb Code     0  libinit2.o(.ARM.Collect$$libinit$$00000032)
    __rt_lib_init_exceptions_1               0x0800021f   Thumb Code     0  libinit2.o(.ARM.Collect$$libinit$$00000030)
    __rt_lib_init_fp_trap_1                  0x0800021f   Thumb Code     0  libinit2.o(.ARM.Collect$$libinit$$0000001F)
    __rt_lib_init_getenv_1                   0x0800021f   Thumb Code     0  libinit2.o(.ARM.Collect$$libinit$$00000023)
    __rt_lib_init_lc_numeric_1               0x0800021f   Thumb Code     0  libinit2.o(.ARM.Collect$$libinit$$00000017)
    __rt_lib_init_lc_time_1                  0x0800021f   Thumb Code     0  libinit2.o(.ARM.Collect$$libinit$$00000019)
    __rt_lib_init_return                     0x0800021f   Thumb Code     0  libinit2.o(.ARM.Collect$$libinit$$00000033)
    __rt_lib_init_signal_1                   0x0800021f   Thumb Code     0  libinit2.o(.ARM.Collect$$libinit$$0000001D)
    __rt_lib_init_stdio_1                    0x0800021f   Thumb Code     0  libinit2.o(.ARM.Collect$$libinit$$00000025)
    __rt_lib_shutdown                        0x08000221   Thumb Code     0  libshutdown.o(.ARM.Collect$$libshutdown$$00000000)
    __rt_lib_shutdown_cpp_1                  0x08000223   Thumb Code     0  libshutdown2.o(.ARM.Collect$$libshutdown$$00000004)
    __rt_lib_shutdown_fini_1                 0x08000223   Thumb Code     0  libshutdown2.o(.ARM.Collect$$libshutdown$$00000002)
    __rt_lib_shutdown_fp_trap_1              0x08000223   Thumb Code     0  libshutdown2.o(.ARM.Collect$$libshutdown$$00000009)
    __rt_lib_shutdown_heap_1                 0x08000223   Thumb Code     0  libshutdown2.o(.ARM.Collect$$libshutdown$$00000011)
    __rt_lib_shutdown_return                 0x08000223   Thumb Code     0  libshutdown2.o(.ARM.Collect$$libshutdown$$00000012)
    __rt_lib_shutdown_signal_1               0x08000223   Thumb Code     0  libshutdown2.o(.ARM.Collect$$libshutdown$$0000000C)
    __rt_lib_shutdown_stdio_1                0x08000223   Thumb Code     0  libshutdown2.o(.ARM.Collect$$libshutdown$$00000006)
    __rt_lib_shutdown_user_alloc_1           0x08000223   Thumb Code     0  libshutdown2.o(.ARM.Collect$$libshutdown$$0000000E)
    __rt_entry                               0x08000225   Thumb Code     0  __rtentry.o(.ARM.Collect$$rtentry$$00000000)
    __rt_entry_presh_1                       0x08000225   Thumb Code     0  __rtentry2.o(.ARM.Collect$$rtentry$$00000002)
    __rt_entry_sh                            0x08000225   Thumb Code     0  __rtentry4.o(.ARM.Collect$$rtentry$$00000004)
    __rt_entry_li                            0x0800022b   Thumb Code     0  __rtentry2.o(.ARM.Collect$$rtentry$$0000000A)
    __rt_entry_postsh_1                      0x0800022b   Thumb Code     0  __rtentry2.o(.ARM.Collect$$rtentry$$00000009)
    __rt_entry_main                          0x0800022f   Thumb Code     0  __rtentry2.o(.ARM.Collect$$rtentry$$0000000D)
    __rt_entry_postli_1                      0x0800022f   Thumb Code     0  __rtentry2.o(.ARM.Collect$$rtentry$$0000000C)
    __rt_exit                                0x08000237   Thumb Code     0  rtexit.o(.ARM.Collect$$rtexit$$00000000)
    __rt_exit_ls                             0x08000239   Thumb Code     0  rtexit2.o(.ARM.Collect$$rtexit$$00000003)
    __rt_exit_prels_1                        0x08000239   Thumb Code     0  rtexit2.o(.ARM.Collect$$rtexit$$00000002)
    __rt_exit_exit                           0x0800023d   Thumb Code     0  rtexit2.o(.ARM.Collect$$rtexit$$00000004)
    SVC_Handler                              0x08000245   Thumb Code    28  port.o(.emb_text)
    __asm___6_port_c_39a90d8d__prvStartFirstTask 0x08000265   Thumb Code    36  port.o(.emb_text)
    __asm___6_port_c_39a90d8d__prvEnableVFP  0x0800028d   Thumb Code    16  port.o(.emb_text)
    PendSV_Handler                           0x080002a1   Thumb Code    88  port.o(.emb_text)
    vPortGetIPSR                             0x080002fd   Thumb Code     6  port.o(.emb_text)
    Reset_Handler                            0x08000305   Thumb Code     8  startup_stm32f405xx.o(.text)
    ADC_IRQHandler                           0x0800031f   Thumb Code     0  startup_stm32f405xx.o(.text)
    CAN1_RX0_IRQHandler                      0x0800031f   Thumb Code     0  startup_stm32f405xx.o(.text)
    CAN1_RX1_IRQHandler                      0x0800031f   Thumb Code     0  startup_stm32f405xx.o(.text)
    CAN1_SCE_IRQHandler                      0x0800031f   Thumb Code     0  startup_stm32f405xx.o(.text)
    CAN1_TX_IRQHandler                       0x0800031f   Thumb Code     0  startup_stm32f405xx.o(.text)
    CAN2_RX0_IRQHandler                      0x0800031f   Thumb Code     0  startup_stm32f405xx.o(.text)
    CAN2_RX1_IRQHandler                      0x0800031f   Thumb Code     0  startup_stm32f405xx.o(.text)
    CAN2_SCE_IRQHandler                      0x0800031f   Thumb Code     0  startup_stm32f405xx.o(.text)
    CAN2_TX_IRQHandler                       0x0800031f   Thumb Code     0  startup_stm32f405xx.o(.text)
    DMA1_Stream0_IRQHandler                  0x0800031f   Thumb Code     0  startup_stm32f405xx.o(.text)
    DMA1_Stream1_IRQHandler                  0x0800031f   Thumb Code     0  startup_stm32f405xx.o(.text)
    DMA1_Stream3_IRQHandler                  0x0800031f   Thumb Code     0  startup_stm32f405xx.o(.text)
    DMA1_Stream6_IRQHandler                  0x0800031f   Thumb Code     0  startup_stm32f405xx.o(.text)
    DMA1_Stream7_IRQHandler                  0x0800031f   Thumb Code     0  startup_stm32f405xx.o(.text)
    DMA2_Stream0_IRQHandler                  0x0800031f   Thumb Code     0  startup_stm32f405xx.o(.text)
    DMA2_Stream1_IRQHandler                  0x0800031f   Thumb Code     0  startup_stm32f405xx.o(.text)
    DMA2_Stream2_IRQHandler                  0x0800031f   Thumb Code     0  startup_stm32f405xx.o(.text)
    DMA2_Stream3_IRQHandler                  0x0800031f   Thumb Code     0  startup_stm32f405xx.o(.text)
    DMA2_Stream4_IRQHandler                  0x0800031f   Thumb Code     0  startup_stm32f405xx.o(.text)
    DMA2_Stream5_IRQHandler                  0x0800031f   Thumb Code     0  startup_stm32f405xx.o(.text)
    DMA2_Stream6_IRQHandler                  0x0800031f   Thumb Code     0  startup_stm32f405xx.o(.text)
    DMA2_Stream7_IRQHandler                  0x0800031f   Thumb Code     0  startup_stm32f405xx.o(.text)
    EXTI0_IRQHandler                         0x0800031f   Thumb Code     0  startup_stm32f405xx.o(.text)
    EXTI15_10_IRQHandler                     0x0800031f   Thumb Code     0  startup_stm32f405xx.o(.text)
    EXTI1_IRQHandler                         0x0800031f   Thumb Code     0  startup_stm32f405xx.o(.text)
    EXTI2_IRQHandler                         0x0800031f   Thumb Code     0  startup_stm32f405xx.o(.text)
    EXTI3_IRQHandler                         0x0800031f   Thumb Code     0  startup_stm32f405xx.o(.text)
    EXTI4_IRQHandler                         0x0800031f   Thumb Code     0  startup_stm32f405xx.o(.text)
    EXTI9_5_IRQHandler                       0x0800031f   Thumb Code     0  startup_stm32f405xx.o(.text)
    FLASH_IRQHandler                         0x0800031f   Thumb Code     0  startup_stm32f405xx.o(.text)
    FMC_IRQHandler                           0x0800031f   Thumb Code     0  startup_stm32f405xx.o(.text)
    FPU_IRQHandler                           0x0800031f   Thumb Code     0  startup_stm32f405xx.o(.text)
    HASH_RNG_IRQHandler                      0x0800031f   Thumb Code     0  startup_stm32f405xx.o(.text)
    I2C1_ER_IRQHandler                       0x0800031f   Thumb Code     0  startup_stm32f405xx.o(.text)
    I2C1_EV_IRQHandler                       0x0800031f   Thumb Code     0  startup_stm32f405xx.o(.text)
    I2C2_ER_IRQHandler                       0x0800031f   Thumb Code     0  startup_stm32f405xx.o(.text)
    I2C2_EV_IRQHandler                       0x0800031f   Thumb Code     0  startup_stm32f405xx.o(.text)
    I2C3_ER_IRQHandler                       0x0800031f   Thumb Code     0  startup_stm32f405xx.o(.text)
    I2C3_EV_IRQHandler                       0x0800031f   Thumb Code     0  startup_stm32f405xx.o(.text)
    OTG_FS_IRQHandler                        0x0800031f   Thumb Code     0  startup_stm32f405xx.o(.text)
    OTG_FS_WKUP_IRQHandler                   0x0800031f   Thumb Code     0  startup_stm32f405xx.o(.text)
    OTG_HS_EP1_IN_IRQHandler                 0x0800031f   Thumb Code     0  startup_stm32f405xx.o(.text)
    OTG_HS_EP1_OUT_IRQHandler                0x0800031f   Thumb Code     0  startup_stm32f405xx.o(.text)
    OTG_HS_IRQHandler                        0x0800031f   Thumb Code     0  startup_stm32f405xx.o(.text)
    OTG_HS_WKUP_IRQHandler                   0x0800031f   Thumb Code     0  startup_stm32f405xx.o(.text)
    PVD_IRQHandler                           0x0800031f   Thumb Code     0  startup_stm32f405xx.o(.text)
    RCC_IRQHandler                           0x0800031f   Thumb Code     0  startup_stm32f405xx.o(.text)
    RTC_Alarm_IRQHandler                     0x0800031f   Thumb Code     0  startup_stm32f405xx.o(.text)
    RTC_WKUP_IRQHandler                      0x0800031f   Thumb Code     0  startup_stm32f405xx.o(.text)
    SDIO_IRQHandler                          0x0800031f   Thumb Code     0  startup_stm32f405xx.o(.text)
    SPI1_IRQHandler                          0x0800031f   Thumb Code     0  startup_stm32f405xx.o(.text)
    SPI2_IRQHandler                          0x0800031f   Thumb Code     0  startup_stm32f405xx.o(.text)
    SPI3_IRQHandler                          0x0800031f   Thumb Code     0  startup_stm32f405xx.o(.text)
    TAMP_STAMP_IRQHandler                    0x0800031f   Thumb Code     0  startup_stm32f405xx.o(.text)
    TIM1_BRK_TIM9_IRQHandler                 0x0800031f   Thumb Code     0  startup_stm32f405xx.o(.text)
    TIM1_CC_IRQHandler                       0x0800031f   Thumb Code     0  startup_stm32f405xx.o(.text)
    TIM1_TRG_COM_TIM11_IRQHandler            0x0800031f   Thumb Code     0  startup_stm32f405xx.o(.text)
    TIM2_IRQHandler                          0x0800031f   Thumb Code     0  startup_stm32f405xx.o(.text)
    TIM3_IRQHandler                          0x0800031f   Thumb Code     0  startup_stm32f405xx.o(.text)
    TIM4_IRQHandler                          0x0800031f   Thumb Code     0  startup_stm32f405xx.o(.text)
    TIM5_IRQHandler                          0x0800031f   Thumb Code     0  startup_stm32f405xx.o(.text)
    TIM6_DAC_IRQHandler                      0x0800031f   Thumb Code     0  startup_stm32f405xx.o(.text)
    TIM7_IRQHandler                          0x0800031f   Thumb Code     0  startup_stm32f405xx.o(.text)
    TIM8_BRK_TIM12_IRQHandler                0x0800031f   Thumb Code     0  startup_stm32f405xx.o(.text)
    TIM8_CC_IRQHandler                       0x0800031f   Thumb Code     0  startup_stm32f405xx.o(.text)
    TIM8_TRG_COM_TIM14_IRQHandler            0x0800031f   Thumb Code     0  startup_stm32f405xx.o(.text)
    TIM8_UP_TIM13_IRQHandler                 0x0800031f   Thumb Code     0  startup_stm32f405xx.o(.text)
    UART5_IRQHandler                         0x0800031f   Thumb Code     0  startup_stm32f405xx.o(.text)
    USART1_IRQHandler                        0x0800031f   Thumb Code     0  startup_stm32f405xx.o(.text)
    USART2_IRQHandler                        0x0800031f   Thumb Code     0  startup_stm32f405xx.o(.text)
    USART3_IRQHandler                        0x0800031f   Thumb Code     0  startup_stm32f405xx.o(.text)
    USART6_IRQHandler                        0x0800031f   Thumb Code     0  startup_stm32f405xx.o(.text)
    WWDG_IRQHandler                          0x0800031f   Thumb Code     0  startup_stm32f405xx.o(.text)
    __user_initial_stackheap                 0x08000321   Thumb Code     0  startup_stm32f405xx.o(.text)
    __aeabi_uldivmod                         0x08000345   Thumb Code     0  lludivv7m.o(.text)
    _ll_udiv                                 0x08000345   Thumb Code   238  lludivv7m.o(.text)
    memchr                                   0x08000433   Thumb Code    20  memchr.o(.text)
    __aeabi_memcpy                           0x08000447   Thumb Code     0  rt_memcpy_v6.o(.text)
    __rt_memcpy                              0x08000447   Thumb Code   138  rt_memcpy_v6.o(.text)
    _memcpy_lastbytes                        0x080004ad   Thumb Code     0  rt_memcpy_v6.o(.text)
    __aeabi_memcpy4                          0x080004d1   Thumb Code     0  rt_memcpy_w.o(.text)
    __aeabi_memcpy8                          0x080004d1   Thumb Code     0  rt_memcpy_w.o(.text)
    __rt_memcpy_w                            0x080004d1   Thumb Code   100  rt_memcpy_w.o(.text)
    _memcpy_lastbytes_aligned                0x08000519   Thumb Code     0  rt_memcpy_w.o(.text)
    __aeabi_memset                           0x08000535   Thumb Code    16  aeabi_memset.o(.text)
    __aeabi_memclr                           0x08000545   Thumb Code     0  rt_memclr.o(.text)
    __rt_memclr                              0x08000545   Thumb Code    68  rt_memclr.o(.text)
    _memset                                  0x08000549   Thumb Code     0  rt_memclr.o(.text)
    __aeabi_memclr4                          0x08000589   Thumb Code     0  rt_memclr_w.o(.text)
    __aeabi_memclr8                          0x08000589   Thumb Code     0  rt_memclr_w.o(.text)
    __rt_memclr_w                            0x08000589   Thumb Code    78  rt_memclr_w.o(.text)
    _memset_w                                0x0800058d   Thumb Code     0  rt_memclr_w.o(.text)
    __use_two_region_memory                  0x080005d7   Thumb Code     2  heapauxi.o(.text)
    __rt_heap_escrow$2region                 0x080005d9   Thumb Code     2  heapauxi.o(.text)
    __rt_heap_expand$2region                 0x080005db   Thumb Code     2  heapauxi.o(.text)
    __strtof_int                             0x080005dd   Thumb Code    26  strtof.o(.text)
    __strtod_int                             0x08000635   Thumb Code    90  strtod.o(.text)
    __user_setup_stackheap                   0x0800069d   Thumb Code    74  sys_stackheap_outer.o(.text)
    __read_errno                             0x080006e7   Thumb Code    10  _rserrno.o(.text)
    __set_errno                              0x080006f1   Thumb Code    12  _rserrno.o(.text)
    isspace                                  0x080006fd   Thumb Code    18  isspace.o(.text)
    _sgetc                                   0x0800070f   Thumb Code    30  _sgetc.o(.text)
    _sbackspace                              0x0800072d   Thumb Code    34  _sgetc.o(.text)
    exit                                     0x0800074f   Thumb Code    18  exit.o(.text)
    __user_libspace                          0x08000761   Thumb Code     8  libspace.o(.text)
    __user_perproc_libspace                  0x08000761   Thumb Code     0  libspace.o(.text)
    __user_perthread_libspace                0x08000761   Thumb Code     0  libspace.o(.text)
    __rt_ctype_table                         0x08000769   Thumb Code    16  rt_ctype_table.o(.text)
    __aeabi_errno_addr                       0x08000779   Thumb Code     8  rt_errno_addr_intlibspace.o(.text)
    __errno$intlibspace                      0x08000779   Thumb Code     0  rt_errno_addr_intlibspace.o(.text)
    __rt_errno_addr$intlibspace              0x08000779   Thumb Code     0  rt_errno_addr_intlibspace.o(.text)
    _scanf_really_real                       0x080009cd   Thumb Code   684  scanf_fp.o(.text)
    strcmp                                   0x08000c79   Thumb Code   128  strcmpv7m.o(.text)
    _sys_exit                                0x08000cf9   Thumb Code     8  sys_exit.o(.text)
    __rt_locale                              0x08000d05   Thumb Code     8  rt_locale_intlibspace.o(.text)
    _btod_etento                             0x08000d0d   Thumb Code   224  bigflt0.o(.text)
    __I$use$semihosting                      0x08000df1   Thumb Code     0  use_no_semi.o(.text)
    __use_no_semihosting_swi                 0x08000df1   Thumb Code     2  use_no_semi.o(.text)
    __semihosting_library_function           0x08000df3   Thumb Code     0  indicate_semi.o(.text)
    _scanf_really_hex_real                   0x08000df5   Thumb Code   786  scanf_hexfp.o(.text)
    _scanf_really_infnan                     0x08001115   Thumb Code   292  scanf_infnan.o(.text)
    __aeabi_llsl                             0x08001249   Thumb Code     0  llshl.o(.text)
    _ll_shift_l                              0x08001249   Thumb Code    38  llshl.o(.text)
    _chval                                   0x0800126f   Thumb Code    28  _chval.o(.text)
    __btod_div_common                        0x0800128b   Thumb Code   696  btod.o(CL$$btod_div_common)
    _e2d                                     0x080015c5   Thumb Code   122  btod.o(CL$$btod_e2d)
    _e2e                                     0x08001649   Thumb Code   220  btod.o(CL$$btod_e2e)
    _btod_ediv                               0x08001725   Thumb Code    42  btod.o(CL$$btod_ediv)
    _btod_edivd                              0x0800174f   Thumb Code    42  btod.o(CL$$btod_edivd)
    _btod_emul                               0x08001779   Thumb Code    42  btod.o(CL$$btod_emul)
    _btod_emuld                              0x080017a3   Thumb Code    42  btod.o(CL$$btod_emuld)
    __btod_mult_common                       0x080017cd   Thumb Code   580  btod.o(CL$$btod_mult_common)
    BusFault_Handler                         0x08001e35   Thumb Code     2  stm32f4xx_it.o(i.BusFault_Handler)
    DMA1_Stream2_IRQHandler                  0x08001e39   Thumb Code     6  stm32f4xx_it.o(i.DMA1_Stream2_IRQHandler)
    DMA1_Stream4_IRQHandler                  0x08001e45   Thumb Code     6  stm32f4xx_it.o(i.DMA1_Stream4_IRQHandler)
    DMA1_Stream5_IRQHandler                  0x08001e51   Thumb Code     6  stm32f4xx_it.o(i.DMA1_Stream5_IRQHandler)
    DebugMon_Handler                         0x08001f01   Thumb Code     2  stm32f4xx_it.o(i.DebugMon_Handler)
    Error_Handler                            0x08001f03   Thumb Code     4  main.o(i.Error_Handler)
    GM6020_GetFeedback                       0x08001f19   Thumb Code    22  can_motor.o(i.GM6020_GetFeedback)
    GM6020_SetVoltage                        0x08001f35   Thumb Code    94  can_motor.o(i.GM6020_SetVoltage)
    HAL_CAN_AddTxMessage                     0x08001f99   Thumb Code   208  stm32f4xx_hal_can.o(i.HAL_CAN_AddTxMessage)
    HAL_CAN_Init                             0x08002069   Thumb Code   282  stm32f4xx_hal_can.o(i.HAL_CAN_Init)
    HAL_CAN_MspInit                          0x08002185   Thumb Code    94  can.o(i.HAL_CAN_MspInit)
    HAL_DMA_Abort                            0x080021f1   Thumb Code   146  stm32f4xx_hal_dma.o(i.HAL_DMA_Abort)
    HAL_DMA_Abort_IT                         0x08002283   Thumb Code    36  stm32f4xx_hal_dma.o(i.HAL_DMA_Abort_IT)
    HAL_DMA_IRQHandler                       0x080022a9   Thumb Code   412  stm32f4xx_hal_dma.o(i.HAL_DMA_IRQHandler)
    HAL_DMA_Init                             0x08002449   Thumb Code   206  stm32f4xx_hal_dma.o(i.HAL_DMA_Init)
    HAL_DMA_Start_IT                         0x0800251d   Thumb Code   110  stm32f4xx_hal_dma.o(i.HAL_DMA_Start_IT)
    HAL_GPIO_Init                            0x0800258d   Thumb Code   450  stm32f4xx_hal_gpio.o(i.HAL_GPIO_Init)
    HAL_GetTick                              0x0800277d   Thumb Code     6  stm32f4xx_hal.o(i.HAL_GetTick)
    HAL_IncTick                              0x08002789   Thumb Code    12  stm32f4xx_hal.o(i.HAL_IncTick)
    HAL_Init                                 0x08002799   Thumb Code    48  stm32f4xx_hal.o(i.HAL_Init)
    HAL_InitTick                             0x080027cd   Thumb Code   120  stm32f4xx_hal_timebase_tim.o(i.HAL_InitTick)
    HAL_MspInit                              0x08002859   Thumb Code    52  stm32f4xx_hal_msp.o(i.HAL_MspInit)
    HAL_NVIC_EnableIRQ                       0x08002891   Thumb Code    26  stm32f4xx_hal_cortex.o(i.HAL_NVIC_EnableIRQ)
    HAL_NVIC_SetPriority                     0x080028ad   Thumb Code    60  stm32f4xx_hal_cortex.o(i.HAL_NVIC_SetPriority)
    HAL_NVIC_SetPriorityGrouping             0x080028ed   Thumb Code    26  stm32f4xx_hal_cortex.o(i.HAL_NVIC_SetPriorityGrouping)
    HAL_RCC_ClockConfig                      0x08002911   Thumb Code   288  stm32f4xx_hal_rcc.o(i.HAL_RCC_ClockConfig)
    HAL_RCC_GetClockConfig                   0x08002a45   Thumb Code    54  stm32f4xx_hal_rcc.o(i.HAL_RCC_GetClockConfig)
    HAL_RCC_GetPCLK1Freq                     0x08002a85   Thumb Code    20  stm32f4xx_hal_rcc.o(i.HAL_RCC_GetPCLK1Freq)
    HAL_RCC_GetPCLK2Freq                     0x08002aa5   Thumb Code    20  stm32f4xx_hal_rcc.o(i.HAL_RCC_GetPCLK2Freq)
    HAL_RCC_GetSysClockFreq                  0x08002ac5   Thumb Code    88  stm32f4xx_hal_rcc.o(i.HAL_RCC_GetSysClockFreq)
    HAL_RCC_OscConfig                        0x08002b29   Thumb Code   856  stm32f4xx_hal_rcc.o(i.HAL_RCC_OscConfig)
    HAL_TIMEx_BreakCallback                  0x08002e95   Thumb Code     2  stm32f4xx_hal_tim_ex.o(i.HAL_TIMEx_BreakCallback)
    HAL_TIMEx_CommutCallback                 0x08002e97   Thumb Code     2  stm32f4xx_hal_tim_ex.o(i.HAL_TIMEx_CommutCallback)
    HAL_TIM_Base_Init                        0x08002e99   Thumb Code    90  stm32f4xx_hal_tim.o(i.HAL_TIM_Base_Init)
    HAL_TIM_Base_MspInit                     0x08002ef3   Thumb Code     2  stm32f4xx_hal_tim.o(i.HAL_TIM_Base_MspInit)
    HAL_TIM_Base_Start_IT                    0x08002ef5   Thumb Code   100  stm32f4xx_hal_tim.o(i.HAL_TIM_Base_Start_IT)
    HAL_TIM_IC_CaptureCallback               0x08002f75   Thumb Code     2  stm32f4xx_hal_tim.o(i.HAL_TIM_IC_CaptureCallback)
    HAL_TIM_IRQHandler                       0x08002f77   Thumb Code   304  stm32f4xx_hal_tim.o(i.HAL_TIM_IRQHandler)
    HAL_TIM_OC_DelayElapsedCallback          0x080030a7   Thumb Code     2  stm32f4xx_hal_tim.o(i.HAL_TIM_OC_DelayElapsedCallback)
    HAL_TIM_PWM_PulseFinishedCallback        0x080030a9   Thumb Code     2  stm32f4xx_hal_tim.o(i.HAL_TIM_PWM_PulseFinishedCallback)
    HAL_TIM_PeriodElapsedCallback            0x080030ad   Thumb Code    14  main.o(i.HAL_TIM_PeriodElapsedCallback)
    HAL_TIM_TriggerCallback                  0x080030c1   Thumb Code     2  stm32f4xx_hal_tim.o(i.HAL_TIM_TriggerCallback)
    HAL_UARTEx_ReceiveToIdle_DMA             0x080030c3   Thumb Code    74  stm32f4xx_hal_uart.o(i.HAL_UARTEx_ReceiveToIdle_DMA)
    HAL_UARTEx_RxEventCallback               0x0800310d   Thumb Code    16  main.o(i.HAL_UARTEx_RxEventCallback)
    HAL_UART_ErrorCallback                   0x08003121   Thumb Code     2  stm32f4xx_hal_uart.o(i.HAL_UART_ErrorCallback)
    HAL_UART_IRQHandler                      0x08003125   Thumb Code   636  stm32f4xx_hal_uart.o(i.HAL_UART_IRQHandler)
    HAL_UART_Init                            0x080033a5   Thumb Code   100  stm32f4xx_hal_uart.o(i.HAL_UART_Init)
    HAL_UART_MspInit                         0x08003409   Thumb Code   314  usart.o(i.HAL_UART_MspInit)
    HAL_UART_Receive_IT                      0x08003561   Thumb Code    28  stm32f4xx_hal_uart.o(i.HAL_UART_Receive_IT)
    HAL_UART_RxCpltCallback                  0x0800357d   Thumb Code    76  remote_control.o(i.HAL_UART_RxCpltCallback)
    HAL_UART_RxHalfCpltCallback              0x080035d9   Thumb Code     2  stm32f4xx_hal_uart.o(i.HAL_UART_RxHalfCpltCallback)
    HAL_UART_Transmit                        0x080035db   Thumb Code   160  stm32f4xx_hal_uart.o(i.HAL_UART_Transmit)
    HAL_UART_TxCpltCallback                  0x0800367b   Thumb Code     2  stm32f4xx_hal_uart.o(i.HAL_UART_TxCpltCallback)
    HardFault_Handler                        0x0800367d   Thumb Code     2  stm32f4xx_it.o(i.HardFault_Handler)
    MX_CAN1_Init                             0x08003681   Thumb Code    60  can.o(i.MX_CAN1_Init)
    MX_DMA_Init                              0x080036c5   Thumb Code    72  dma.o(i.MX_DMA_Init)
    MX_FREERTOS_Init                         0x08003711   Thumb Code   102  freertos.o(i.MX_FREERTOS_Init)
    MX_GPIO_Init                             0x08003791   Thumb Code    70  gpio.o(i.MX_GPIO_Init)
    MX_UART4_Init                            0x080037dd   Thumb Code    48  usart.o(i.MX_UART4_Init)
    MX_USART2_UART_Init                      0x08003815   Thumb Code    54  usart.o(i.MX_USART2_UART_Init)
    MemManage_Handler                        0x08003859   Thumb Code     2  stm32f4xx_it.o(i.MemManage_Handler)
    NMI_Handler                              0x0800385b   Thumb Code     2  stm32f4xx_it.o(i.NMI_Handler)
    PID_Controller_GetMotorCurrentAngleDegrees 0x08003975   Thumb Code    48  pid_controller.o(i.PID_Controller_GetMotorCurrentAngleDegrees)
    PID_Controller_GetMotorTargetAngleDegrees 0x080039b5   Thumb Code    48  pid_controller.o(i.PID_Controller_GetMotorTargetAngleDegrees)
    PID_Controller_Reset                     0x08003a11   Thumb Code    36  pid_controller.o(i.PID_Controller_Reset)
    PID_Controller_SetAnglePID               0x08003a55   Thumb Code   114  pid_controller.o(i.PID_Controller_SetAnglePID)
    PID_Controller_SetSpeedPID               0x08003acd   Thumb Code   114  pid_controller.o(i.PID_Controller_SetSpeedPID)
    PID_Controller_SetTargetAngleCounts      0x08003b45   Thumb Code    12  pid_controller.o(i.PID_Controller_SetTargetAngleCounts)
    PID_Controller_SetTargetAngleDegrees     0x08003b55   Thumb Code    42  pid_controller.o(i.PID_Controller_SetTargetAngleDegrees)
    PID_Controller_Update                    0x08003b81   Thumb Code   254  pid_controller.o(i.PID_Controller_Update)
    Remote_Control_GetData                   0x08003d61   Thumb Code     4  remote_control.o(i.Remote_Control_GetData)
    Remote_Control_IsOnline                  0x08003d69   Thumb Code    32  remote_control.o(i.Remote_Control_IsOnline)
    StartDefaultTask                         0x08003e01   Thumb Code     8  freertos.o(i.StartDefaultTask)
    StartTask02                              0x08003e09   Thumb Code    12  task.o(i.StartTask02)
    StartTask03                              0x08003e15   Thumb Code    12  task.o(i.StartTask03)
    StartTask04                              0x08003e21   Thumb Code    64  task.o(i.StartTask04)
    SysTick_Handler                          0x08003e65   Thumb Code    26  cmsis_os2.o(i.SysTick_Handler)
    SystemClock_Config                       0x08003e81   Thumb Code   140  main.o(i.SystemClock_Config)
    SystemInit                               0x08003f15   Thumb Code    12  system_stm32f4xx.o(i.SystemInit)
    TIM1_UP_TIM10_IRQHandler                 0x08003f25   Thumb Code     6  stm32f4xx_it.o(i.TIM1_UP_TIM10_IRQHandler)
    TIM_Base_SetConfig                       0x08003f31   Thumb Code   164  stm32f4xx_hal_tim.o(i.TIM_Base_SetConfig)
    UART4_IRQHandler                         0x08004001   Thumb Code     6  stm32f4xx_it.o(i.UART4_IRQHandler)
    UART_Start_Receive_DMA                   0x08004341   Thumb Code   146  stm32f4xx_hal_uart.o(i.UART_Start_Receive_DMA)
    UART_Start_Receive_IT                    0x080043e1   Thumb Code    54  stm32f4xx_hal_uart.o(i.UART_Start_Receive_IT)
    UsageFault_Handler                       0x08004489   Thumb Code     2  stm32f4xx_it.o(i.UsageFault_Handler)
    Usart_RxCallBack_Init                    0x080044f5   Thumb Code    28  usart_rxcallback.o(i.Usart_RxCallBack_Init)
    Usart_RxCallBack_ProcessRxData           0x08004751   Thumb Code    98  usart_rxcallback.o(i.Usart_RxCallBack_ProcessRxData)
    Usart_RxCallBack_SendVofaJustFloat       0x080047bd   Thumb Code   112  usart_rxcallback.o(i.Usart_RxCallBack_SendVofaJustFloat)
    Usart_RxCallBack_StartDmaReception       0x08004831   Thumb Code    28  usart_rxcallback.o(i.Usart_RxCallBack_StartDmaReception)
    __hardfp___mathlib_tofloat               0x08004879   Thumb Code   232  narrow.o(i.__hardfp___mathlib_tofloat)
    __hardfp_ldexp                           0x08004971   Thumb Code   200  ldexp.o(i.__hardfp_ldexp)
    __hardfp_strtof                          0x08004a41   Thumb Code    26  strtof.o(i.__hardfp_strtof)
    __mathlib_dbl_overflow                   0x08004a61   Thumb Code    24  dunder.o(i.__mathlib_dbl_overflow)
    __mathlib_dbl_underflow                  0x08004a81   Thumb Code    24  dunder.o(i.__mathlib_dbl_underflow)
    __mathlib_narrow                         0x08004aa1   Thumb Code    18  narrow.o(i.__mathlib_narrow)
    __support_ldexp                          0x08004ab3   Thumb Code    20  ldexp.o(i.__support_ldexp)
    _is_digit                                0x08004ac7   Thumb Code    14  scanf_fp.o(i._is_digit)
    frexp                                    0x08004ad9   Thumb Code   118  frexp.o(i.frexp)
    main                                     0x08004b65   Thumb Code    50  main.o(i.main)
    osDelay                                  0x08004b97   Thumb Code    26  cmsis_os2.o(i.osDelay)
    osKernelInitialize                       0x08004bb1   Thumb Code    32  cmsis_os2.o(i.osKernelInitialize)
    osKernelStart                            0x08004bd5   Thumb Code    48  cmsis_os2.o(i.osKernelStart)
    osMessageQueueGet                        0x08004c0d   Thumb Code    96  cmsis_os2.o(i.osMessageQueueGet)
    osMessageQueueNew                        0x08004c71   Thumb Code    88  cmsis_os2.o(i.osMessageQueueNew)
    osMessageQueuePut                        0x08004cc9   Thumb Code   100  cmsis_os2.o(i.osMessageQueuePut)
    osThreadNew                              0x08004d31   Thumb Code   138  cmsis_os2.o(i.osThreadNew)
    pvPortMalloc                             0x08005551   Thumb Code   216  heap_4.o(i.pvPortMalloc)
    pxPortInitialiseStack                    0x0800562d   Thumb Code    40  port.o(i.pxPortInitialiseStack)
    uxListRemove                             0x08005659   Thumb Code    38  list.o(i.uxListRemove)
    vApplicationGetIdleTaskMemory            0x08005681   Thumb Code    16  cmsis_os2.o(i.vApplicationGetIdleTaskMemory)
    vApplicationGetTimerTaskMemory           0x08005695   Thumb Code    18  cmsis_os2.o(i.vApplicationGetTimerTaskMemory)
    vListInitialise                          0x080056ad   Thumb Code    22  list.o(i.vListInitialise)
    vListInitialiseItem                      0x080056c3   Thumb Code     6  list.o(i.vListInitialiseItem)
    vListInsert                              0x080056c9   Thumb Code    48  list.o(i.vListInsert)
    vListInsertEnd                           0x080056f9   Thumb Code    24  list.o(i.vListInsertEnd)
    vPortEnterCritical                       0x08005711   Thumb Code    54  port.o(i.vPortEnterCritical)
    vPortExitCritical                        0x08005751   Thumb Code    34  port.o(i.vPortExitCritical)
    vPortFree                                0x08005779   Thumb Code    94  heap_4.o(i.vPortFree)
    vPortSetupTimerInterrupt                 0x080057dd   Thumb Code    32  port.o(i.vPortSetupTimerInterrupt)
    vPortValidateInterruptPriority           0x08005801   Thumb Code    74  port.o(i.vPortValidateInterruptPriority)
    vQueueAddToRegistry                      0x08005855   Thumb Code    34  queue.o(i.vQueueAddToRegistry)
    vQueueWaitForMessageRestricted           0x0800587d   Thumb Code    68  queue.o(i.vQueueWaitForMessageRestricted)
    vTaskDelay                               0x080058c1   Thumb Code    66  tasks.o(i.vTaskDelay)
    vTaskInternalSetTimeOutState             0x0800590d   Thumb Code    12  tasks.o(i.vTaskInternalSetTimeOutState)
    vTaskMissedYield                         0x0800591d   Thumb Code     8  tasks.o(i.vTaskMissedYield)
    vTaskPlaceOnEventList                    0x08005929   Thumb Code    44  tasks.o(i.vTaskPlaceOnEventList)
    vTaskPlaceOnEventListRestricted          0x08005959   Thumb Code    52  tasks.o(i.vTaskPlaceOnEventListRestricted)
    vTaskStartScheduler                      0x08005991   Thumb Code   118  tasks.o(i.vTaskStartScheduler)
    vTaskSuspendAll                          0x08005a19   Thumb Code    10  tasks.o(i.vTaskSuspendAll)
    vTaskSwitchContext                       0x08005a29   Thumb Code    90  tasks.o(i.vTaskSwitchContext)
    xPortStartScheduler                      0x08005a8d   Thumb Code   222  port.o(i.xPortStartScheduler)
    xPortSysTickHandler                      0x08005b81   Thumb Code    38  port.o(i.xPortSysTickHandler)
    xQueueGenericCreate                      0x08005bad   Thumb Code    66  queue.o(i.xQueueGenericCreate)
    xQueueGenericCreateStatic                0x08005bef   Thumb Code   102  queue.o(i.xQueueGenericCreateStatic)
    xQueueGenericReset                       0x08005c55   Thumb Code   132  queue.o(i.xQueueGenericReset)
    xQueueGenericSend                        0x08005cdd   Thumb Code   346  queue.o(i.xQueueGenericSend)
    xQueueGenericSendFromISR                 0x08005e3d   Thumb Code   190  queue.o(i.xQueueGenericSendFromISR)
    xQueueReceive                            0x08005efd   Thumb Code   308  queue.o(i.xQueueReceive)
    xQueueReceiveFromISR                     0x08006035   Thumb Code   154  queue.o(i.xQueueReceiveFromISR)
    xTaskCheckForTimeOut                     0x080060d1   Thumb Code   112  tasks.o(i.xTaskCheckForTimeOut)
    xTaskCreate                              0x08006145   Thumb Code    90  tasks.o(i.xTaskCreate)
    xTaskCreateStatic                        0x0800619f   Thumb Code    86  tasks.o(i.xTaskCreateStatic)
    xTaskGetSchedulerState                   0x080061f5   Thumb Code    22  tasks.o(i.xTaskGetSchedulerState)
    xTaskGetTickCount                        0x08006211   Thumb Code     6  tasks.o(i.xTaskGetTickCount)
    xTaskIncrementTick                       0x0800621d   Thumb Code   192  tasks.o(i.xTaskIncrementTick)
    xTaskPriorityDisinherit                  0x080062e5   Thumb Code   118  tasks.o(i.xTaskPriorityDisinherit)
    xTaskRemoveFromEventList                 0x08006365   Thumb Code    98  tasks.o(i.xTaskRemoveFromEventList)
    xTaskResumeAll                           0x080063d5   Thumb Code   182  tasks.o(i.xTaskResumeAll)
    xTimerCreateTimerTask                    0x08006499   Thumb Code    78  timers.o(i.xTimerCreateTimerTask)
    xTimerGenericCommand                     0x080064f9   Thumb Code    98  timers.o(i.xTimerGenericCommand)
    _get_lc_numeric                          0x08006561   Thumb Code    44  lc_numeric_c.o(locale$$code)
    _get_lc_ctype                            0x0800658d   Thumb Code    44  lc_ctype_c.o(locale$$code)
    __aeabi_d2f                              0x080065b9   Thumb Code     0  d2f.o(x$fpl$d2f)
    _d2f                                     0x080065b9   Thumb Code    98  d2f.o(x$fpl$d2f)
    __fpl_dcheck_NaN1                        0x0800661d   Thumb Code    10  dcheck1.o(x$fpl$dcheck1)
    __fpl_dcmp_Inf                           0x0800662d   Thumb Code    24  dcmpi.o(x$fpl$dcmpinf)
    __aeabi_cdcmpeq                          0x08006645   Thumb Code     0  deqf.o(x$fpl$deqf)
    _dcmpeq                                  0x08006645   Thumb Code   120  deqf.o(x$fpl$deqf)
    __aeabi_cdcmple                          0x080066bd   Thumb Code     0  dleqf.o(x$fpl$dleqf)
    _dcmple                                  0x080066bd   Thumb Code   120  dleqf.o(x$fpl$dleqf)
    __fpl_dcmple_InfNaN                      0x0800671f   Thumb Code     0  dleqf.o(x$fpl$dleqf)
    __aeabi_dmul                             0x08006735   Thumb Code     0  dmul.o(x$fpl$dmul)
    _dmul                                    0x08006735   Thumb Code   332  dmul.o(x$fpl$dmul)
    __fpl_dnaninf                            0x08006889   Thumb Code   156  dnaninf.o(x$fpl$dnaninf)
    __fpl_dretinf                            0x08006925   Thumb Code    12  dretinf.o(x$fpl$dretinf)
    __aeabi_cdrcmple                         0x08006931   Thumb Code     0  drleqf.o(x$fpl$drleqf)
    _drcmple                                 0x08006931   Thumb Code   108  drleqf.o(x$fpl$drleqf)
    _fp_init                                 0x0800699d   Thumb Code    10  fpinit.o(x$fpl$fpinit)
    __fplib_config_fpu_vfp                   0x080069a5   Thumb Code     0  fpinit.o(x$fpl$fpinit)
    __fplib_config_pureend_doubles           0x080069a5   Thumb Code     0  fpinit.o(x$fpl$fpinit)
    __fpl_fretinf                            0x080069a7   Thumb Code    10  fretinf.o(x$fpl$fretinf)
    __ieee_status                            0x080069b1   Thumb Code     6  istatus.o(x$fpl$ieeestatus)
    __fpl_return_NaN                         0x080069b7   Thumb Code   100  retnan.o(x$fpl$retnan)
    __ARM_scalbn                             0x08006a1b   Thumb Code    92  scalbn.o(x$fpl$scalbn)
    _scanf_real                              0x08006a77   Thumb Code     4  scanf1.o(x$fpl$scanf1)
    _scanf_hex_real                          0x08006a7b   Thumb Code     4  scanf2.o(x$fpl$scanf2)
    _scanf_infnan                            0x08006a7f   Thumb Code     4  scanf2.o(x$fpl$scanf2)
    __fpl_cmpreturn                          0x08006a83   Thumb Code    48  trapv.o(x$fpl$trapveneer)
    __I$use$fp                               0x08006ab2   Number         0  usenofp.o(x$fpl$usenofp)
    App_TargetAngleQueue_attributes          0x08006ab4   Data          24  freertos.o(.constdata)
    App_VofaQueue_attributes                 0x08006acc   Data          24  freertos.o(.constdata)
    defaultTask_attributes                   0x08006ae4   Data          36  freertos.o(.constdata)
    Text_Handle_attributes                   0x08006b08   Data          36  freertos.o(.constdata)
    Motor_Movement_attributes                0x08006b2c   Data          36  freertos.o(.constdata)
    Vofa_Data_attributes                     0x08006b50   Data          36  freertos.o(.constdata)
    Message_ByPass_attributes                0x08006b74   Data          24  freertos.o(.constdata)
    AHBPrescTable                            0x08006b94   Data          16  system_stm32f4xx.o(.constdata)
    APBPrescTable                            0x08006ba4   Data           8  system_stm32f4xx.o(.constdata)
    Region$$Table$$Base                      0x08006cac   Number         0  anon$$obj.o(Region$$Table)
    Region$$Table$$Limit                     0x08006ccc   Number         0  anon$$obj.o(Region$$Table)
    __aeabi_HUGE_VAL                         0x08006ccc   Data           0  fpconst.o(c$$dinf)
    __aeabi_HUGE_VALL                        0x08006ccc   Data           0  fpconst.o(c$$dinf)
    __aeabi_INFINITY                         0x08006ccc   Data           0  fpconst.o(c$$dinf)
    __dInf                                   0x08006ccc   Data           0  fpconst.o(c$$dinf)
    __huge_val                               0x08006ccc   Data           0  fpconst.o(c$$dinf)
    __dbl_max                                0x08006cd4   Data           0  fpconst.o(c$$dmax)
    __ctype                                  0x08006d05   Data           0  lc_ctype_c.o(locale$$data)
    App_TargetAngleQueueHandle               0x20000000   Data           4  freertos.o(.data)
    App_VofaQueueHandle                      0x20000004   Data           4  freertos.o(.data)
    defaultTaskHandle                        0x20000008   Data           4  freertos.o(.data)
    Text_HandleHandle                        0x2000000c   Data           4  freertos.o(.data)
    Motor_MovementHandle                     0x20000010   Data           4  freertos.o(.data)
    Vofa_DataHandle                          0x20000014   Data           4  freertos.o(.data)
    Message_ByPassHandle                     0x20000018   Data           4  freertos.o(.data)
    uwTickFreq                               0x20000044   Data           1  stm32f4xx_hal.o(.data)
    uwTickPrio                               0x20000048   Data           4  stm32f4xx_hal.o(.data)
    uwTick                                   0x2000004c   Data           4  stm32f4xx_hal.o(.data)
    SystemCoreClock                          0x20000050   Data           4  system_stm32f4xx.o(.data)
    pxCurrentTCB                             0x20000054   Data           4  tasks.o(.data)
    hcan1                                    0x200000d4   Data          40  can.o(.bss)
    huart4                                   0x200000fc   Data          72  usart.o(.bss)
    huart2                                   0x20000144   Data          72  usart.o(.bss)
    hdma_uart4_rx                            0x2000018c   Data          96  usart.o(.bss)
    hdma_uart4_tx                            0x200001ec   Data          96  usart.o(.bss)
    hdma_usart2_rx                           0x2000024c   Data          96  usart.o(.bss)
    htim1                                    0x200002ac   Data          72  stm32f4xx_hal_timebase_tim.o(.bss)
    xQueueRegistry                           0x200004f8   Data          64  queue.o(.bss)
    __libspace_start                         0x20004dcc   Data          96  libspace.o(.bss)
    __temporary_stack_top$libspace           0x20004e2c   Data           0  libspace.o(.bss)



==============================================================================

Memory Map of the image

  Image Entry point : 0x08000189

  Load Region LR_IROM1 (Base: 0x08000000, Size: 0x00006edc, Max: 0x00100000, ABSOLUTE)

    Execution Region ER_IROM1 (Exec base: 0x08000000, Load base: 0x08000000, Size: 0x00006e08, Max: 0x00100000, ABSOLUTE)

    Exec Addr    Load Addr    Size         Type   Attr      Idx    E Section Name        Object

    0x08000000   0x08000000   0x00000188   Data   RO            3    RESET               startup_stm32f405xx.o
    0x08000188   0x08000188   0x00000008   Code   RO         5538  * !!!main             c_w.l(__main.o)
    0x08000190   0x08000190   0x00000034   Code   RO         5876    !!!scatter          c_w.l(__scatter.o)
    0x080001c4   0x080001c4   0x0000001a   Code   RO         5878    !!handler_copy      c_w.l(__scatter_copy.o)
    0x080001de   0x080001de   0x00000002   PAD
    0x080001e0   0x080001e0   0x0000001c   Code   RO         5880    !!handler_zi        c_w.l(__scatter_zi.o)
    0x080001fc   0x080001fc   0x00000002   Code   RO         5603    .ARM.Collect$$libinit$$00000000  c_w.l(libinit.o)
    0x080001fe   0x080001fe   0x00000004   Code   RO         5644    .ARM.Collect$$libinit$$00000001  c_w.l(libinit2.o)
    0x08000202   0x08000202   0x00000000   Code   RO         5647    .ARM.Collect$$libinit$$00000004  c_w.l(libinit2.o)
    0x08000202   0x08000202   0x00000000   Code   RO         5650    .ARM.Collect$$libinit$$0000000A  c_w.l(libinit2.o)
    0x08000202   0x08000202   0x00000000   Code   RO         5652    .ARM.Collect$$libinit$$0000000C  c_w.l(libinit2.o)
    0x08000202   0x08000202   0x00000000   Code   RO         5654    .ARM.Collect$$libinit$$0000000E  c_w.l(libinit2.o)
    0x08000202   0x08000202   0x00000006   Code   RO         5655    .ARM.Collect$$libinit$$0000000F  c_w.l(libinit2.o)
    0x08000208   0x08000208   0x00000000   Code   RO         5657    .ARM.Collect$$libinit$$00000011  c_w.l(libinit2.o)
    0x08000208   0x08000208   0x0000000c   Code   RO         5658    .ARM.Collect$$libinit$$00000012  c_w.l(libinit2.o)
    0x08000214   0x08000214   0x00000000   Code   RO         5659    .ARM.Collect$$libinit$$00000013  c_w.l(libinit2.o)
    0x08000214   0x08000214   0x00000000   Code   RO         5661    .ARM.Collect$$libinit$$00000015  c_w.l(libinit2.o)
    0x08000214   0x08000214   0x0000000a   Code   RO         5662    .ARM.Collect$$libinit$$00000016  c_w.l(libinit2.o)
    0x0800021e   0x0800021e   0x00000000   Code   RO         5663    .ARM.Collect$$libinit$$00000017  c_w.l(libinit2.o)
    0x0800021e   0x0800021e   0x00000000   Code   RO         5665    .ARM.Collect$$libinit$$00000019  c_w.l(libinit2.o)
    0x0800021e   0x0800021e   0x00000000   Code   RO         5667    .ARM.Collect$$libinit$$0000001B  c_w.l(libinit2.o)
    0x0800021e   0x0800021e   0x00000000   Code   RO         5669    .ARM.Collect$$libinit$$0000001D  c_w.l(libinit2.o)
    0x0800021e   0x0800021e   0x00000000   Code   RO         5671    .ARM.Collect$$libinit$$0000001F  c_w.l(libinit2.o)
    0x0800021e   0x0800021e   0x00000000   Code   RO         5673    .ARM.Collect$$libinit$$00000021  c_w.l(libinit2.o)
    0x0800021e   0x0800021e   0x00000000   Code   RO         5675    .ARM.Collect$$libinit$$00000023  c_w.l(libinit2.o)
    0x0800021e   0x0800021e   0x00000000   Code   RO         5677    .ARM.Collect$$libinit$$00000025  c_w.l(libinit2.o)
    0x0800021e   0x0800021e   0x00000000   Code   RO         5681    .ARM.Collect$$libinit$$0000002C  c_w.l(libinit2.o)
    0x0800021e   0x0800021e   0x00000000   Code   RO         5683    .ARM.Collect$$libinit$$0000002E  c_w.l(libinit2.o)
    0x0800021e   0x0800021e   0x00000000   Code   RO         5685    .ARM.Collect$$libinit$$00000030  c_w.l(libinit2.o)
    0x0800021e   0x0800021e   0x00000000   Code   RO         5687    .ARM.Collect$$libinit$$00000032  c_w.l(libinit2.o)
    0x0800021e   0x0800021e   0x00000002   Code   RO         5688    .ARM.Collect$$libinit$$00000033  c_w.l(libinit2.o)
    0x08000220   0x08000220   0x00000002   Code   RO         5778    .ARM.Collect$$libshutdown$$00000000  c_w.l(libshutdown.o)
    0x08000222   0x08000222   0x00000000   Code   RO         5808    .ARM.Collect$$libshutdown$$00000002  c_w.l(libshutdown2.o)
    0x08000222   0x08000222   0x00000000   Code   RO         5810    .ARM.Collect$$libshutdown$$00000004  c_w.l(libshutdown2.o)
    0x08000222   0x08000222   0x00000000   Code   RO         5812    .ARM.Collect$$libshutdown$$00000006  c_w.l(libshutdown2.o)
    0x08000222   0x08000222   0x00000000   Code   RO         5815    .ARM.Collect$$libshutdown$$00000009  c_w.l(libshutdown2.o)
    0x08000222   0x08000222   0x00000000   Code   RO         5818    .ARM.Collect$$libshutdown$$0000000C  c_w.l(libshutdown2.o)
    0x08000222   0x08000222   0x00000000   Code   RO         5820    .ARM.Collect$$libshutdown$$0000000E  c_w.l(libshutdown2.o)
    0x08000222   0x08000222   0x00000000   Code   RO         5823    .ARM.Collect$$libshutdown$$00000011  c_w.l(libshutdown2.o)
    0x08000222   0x08000222   0x00000002   Code   RO         5824    .ARM.Collect$$libshutdown$$00000012  c_w.l(libshutdown2.o)
    0x08000224   0x08000224   0x00000000   Code   RO         5546    .ARM.Collect$$rtentry$$00000000  c_w.l(__rtentry.o)
    0x08000224   0x08000224   0x00000000   Code   RO         5555    .ARM.Collect$$rtentry$$00000002  c_w.l(__rtentry2.o)
    0x08000224   0x08000224   0x00000006   Code   RO         5567    .ARM.Collect$$rtentry$$00000004  c_w.l(__rtentry4.o)
    0x0800022a   0x0800022a   0x00000000   Code   RO         5557    .ARM.Collect$$rtentry$$00000009  c_w.l(__rtentry2.o)
    0x0800022a   0x0800022a   0x00000004   Code   RO         5558    .ARM.Collect$$rtentry$$0000000A  c_w.l(__rtentry2.o)
    0x0800022e   0x0800022e   0x00000000   Code   RO         5560    .ARM.Collect$$rtentry$$0000000C  c_w.l(__rtentry2.o)
    0x0800022e   0x0800022e   0x00000008   Code   RO         5561    .ARM.Collect$$rtentry$$0000000D  c_w.l(__rtentry2.o)
    0x08000236   0x08000236   0x00000002   Code   RO         5623    .ARM.Collect$$rtexit$$00000000  c_w.l(rtexit.o)
    0x08000238   0x08000238   0x00000000   Code   RO         5702    .ARM.Collect$$rtexit$$00000002  c_w.l(rtexit2.o)
    0x08000238   0x08000238   0x00000004   Code   RO         5703    .ARM.Collect$$rtexit$$00000003  c_w.l(rtexit2.o)
    0x0800023c   0x0800023c   0x00000006   Code   RO         5704    .ARM.Collect$$rtexit$$00000004  c_w.l(rtexit2.o)
    0x08000242   0x08000242   0x00000002   PAD
    0x08000244   0x08000244   0x000000be   Code   RO         5441    .emb_text           port.o
    0x08000302   0x08000302   0x00000002   PAD
    0x08000304   0x08000304   0x00000040   Code   RO            4    .text               startup_stm32f405xx.o
    0x08000344   0x08000344   0x000000ee   Code   RO         5520    .text               c_w.l(lludivv7m.o)
    0x08000432   0x08000432   0x00000014   Code   RO         5522    .text               c_w.l(memchr.o)
    0x08000446   0x08000446   0x0000008a   Code   RO         5524    .text               c_w.l(rt_memcpy_v6.o)
    0x080004d0   0x080004d0   0x00000064   Code   RO         5526    .text               c_w.l(rt_memcpy_w.o)
    0x08000534   0x08000534   0x00000010   Code   RO         5530    .text               c_w.l(aeabi_memset.o)
    0x08000544   0x08000544   0x00000044   Code   RO         5532    .text               c_w.l(rt_memclr.o)
    0x08000588   0x08000588   0x0000004e   Code   RO         5534    .text               c_w.l(rt_memclr_w.o)
    0x080005d6   0x080005d6   0x00000006   Code   RO         5536    .text               c_w.l(heapauxi.o)
    0x080005dc   0x080005dc   0x0000001a   Code   RO         5551    .text               c_w.l(strtof.o)
    0x080005f6   0x080005f6   0x00000002   PAD
    0x080005f8   0x080005f8   0x000000a4   Code   RO         5571    .text               c_w.l(strtod.o)
    0x0800069c   0x0800069c   0x0000004a   Code   RO         5581    .text               c_w.l(sys_stackheap_outer.o)
    0x080006e6   0x080006e6   0x00000016   Code   RO         5583    .text               c_w.l(_rserrno.o)
    0x080006fc   0x080006fc   0x00000012   Code   RO         5585    .text               c_w.l(isspace.o)
    0x0800070e   0x0800070e   0x00000040   Code   RO         5587    .text               c_w.l(_sgetc.o)
    0x0800074e   0x0800074e   0x00000012   Code   RO         5592    .text               c_w.l(exit.o)
    0x08000760   0x08000760   0x00000008   Code   RO         5620    .text               c_w.l(libspace.o)
    0x08000768   0x08000768   0x00000010   Code   RO         5625    .text               c_w.l(rt_ctype_table.o)
    0x08000778   0x08000778   0x00000008   Code   RO         5632    .text               c_w.l(rt_errno_addr_intlibspace.o)
    0x08000780   0x08000780   0x000004f8   Code   RO         5634    .text               c_w.l(scanf_fp.o)
    0x08000c78   0x08000c78   0x00000080   Code   RO         5642    .text               c_w.l(strcmpv7m.o)
    0x08000cf8   0x08000cf8   0x0000000c   Code   RO         5699    .text               c_w.l(sys_exit.o)
    0x08000d04   0x08000d04   0x00000008   Code   RO         5711    .text               c_w.l(rt_locale_intlibspace.o)
    0x08000d0c   0x08000d0c   0x000000e4   Code   RO         5713    .text               c_w.l(bigflt0.o)
    0x08000df0   0x08000df0   0x00000002   Code   RO         5763    .text               c_w.l(use_no_semi.o)
    0x08000df2   0x08000df2   0x00000000   Code   RO         5765    .text               c_w.l(indicate_semi.o)
    0x08000df2   0x08000df2   0x00000002   PAD
    0x08000df4   0x08000df4   0x00000320   Code   RO         5766    .text               c_w.l(scanf_hexfp.o)
    0x08001114   0x08001114   0x00000134   Code   RO         5768    .text               c_w.l(scanf_infnan.o)
    0x08001248   0x08001248   0x00000026   Code   RO         5783    .text               c_w.l(llshl.o)
    0x0800126e   0x0800126e   0x0000001c   Code   RO         5785    .text               c_w.l(_chval.o)
    0x0800128a   0x0800128a   0x00000338   Code   RO         5726    CL$$btod_div_common  c_w.l(btod.o)
    0x080015c2   0x080015c2   0x00000002   PAD
    0x080015c4   0x080015c4   0x00000084   Code   RO         5724    CL$$btod_e2d        c_w.l(btod.o)
    0x08001648   0x08001648   0x000000dc   Code   RO         5723    CL$$btod_e2e        c_w.l(btod.o)
    0x08001724   0x08001724   0x0000002a   Code   RO         5720    CL$$btod_ediv       c_w.l(btod.o)
    0x0800174e   0x0800174e   0x0000002a   Code   RO         5722    CL$$btod_edivd      c_w.l(btod.o)
    0x08001778   0x08001778   0x0000002a   Code   RO         5719    CL$$btod_emul       c_w.l(btod.o)
    0x080017a2   0x080017a2   0x0000002a   Code   RO         5721    CL$$btod_emuld      c_w.l(btod.o)
    0x080017cc   0x080017cc   0x00000244   Code   RO         5725    CL$$btod_mult_common  c_w.l(btod.o)
    0x08001a10   0x08001a10   0x00000080   Code   RO          915    i.App_Task02_ApplySwitchStep  task.o
    0x08001a90   0x08001a90   0x00000080   Code   RO          916    i.App_Task02_CheckUserAction  task.o
    0x08001b10   0x08001b10   0x00000010   Code   RO          917    i.App_Task02_DecodeBinarySwitch  task.o
    0x08001b20   0x08001b20   0x0000002e   Code   RO          918    i.App_Task02_DecodeThreePositionSwitch  task.o
    0x08001b4e   0x08001b4e   0x00000002   PAD
    0x08001b50   0x08001b50   0x00000064   Code   RO          919    i.App_Task02_InitializeSwitchState  task.o
    0x08001bb4   0x08001bb4   0x00000148   Code   RO          920    i.App_Task02_PublishTargetAngles  task.o
    0x08001cfc   0x08001cfc   0x00000030   Code   RO          921    i.App_Task02_SyncMotor2StepOffset  task.o
    0x08001d2c   0x08001d2c   0x00000030   Code   RO          922    i.App_Task02_SyncMotor4StepOffset  task.o
    0x08001d5c   0x08001d5c   0x000000d8   Code   RO          923    i.App_Task03_RunPidAndPublishTelemetry  task.o
    0x08001e34   0x08001e34   0x00000002   Code   RO          428    i.BusFault_Handler  stm32f4xx_it.o
    0x08001e36   0x08001e36   0x00000002   PAD
    0x08001e38   0x08001e38   0x0000000c   Code   RO          429    i.DMA1_Stream2_IRQHandler  stm32f4xx_it.o
    0x08001e44   0x08001e44   0x0000000c   Code   RO          430    i.DMA1_Stream4_IRQHandler  stm32f4xx_it.o
    0x08001e50   0x08001e50   0x0000000c   Code   RO          431    i.DMA1_Stream5_IRQHandler  stm32f4xx_it.o
    0x08001e5c   0x08001e5c   0x00000028   Code   RO         2674    i.DMA_CalcBaseAndBitshift  stm32f4xx_hal_dma.o
    0x08001e84   0x08001e84   0x00000054   Code   RO         2675    i.DMA_CheckFifoParam  stm32f4xx_hal_dma.o
    0x08001ed8   0x08001ed8   0x00000028   Code   RO         2676    i.DMA_SetConfig     stm32f4xx_hal_dma.o
    0x08001f00   0x08001f00   0x00000002   Code   RO          432    i.DebugMon_Handler  stm32f4xx_it.o
    0x08001f02   0x08001f02   0x00000004   Code   RO           13    i.Error_Handler     main.o
    0x08001f06   0x08001f06   0x00000012   Code   RO          711    i.GM6020_ClampVoltage  can_motor.o
    0x08001f18   0x08001f18   0x0000001c   Code   RO          712    i.GM6020_GetFeedback  can_motor.o
    0x08001f34   0x08001f34   0x00000064   Code   RO          713    i.GM6020_SetVoltage  can_motor.o
    0x08001f98   0x08001f98   0x000000d0   Code   RO         1983    i.HAL_CAN_AddTxMessage  stm32f4xx_hal_can.o
    0x08002068   0x08002068   0x0000011a   Code   RO         1995    i.HAL_CAN_Init      stm32f4xx_hal_can.o
    0x08002182   0x08002182   0x00000002   PAD
    0x08002184   0x08002184   0x0000006c   Code   RO          315    i.HAL_CAN_MspInit   can.o
    0x080021f0   0x080021f0   0x00000092   Code   RO         2677    i.HAL_DMA_Abort     stm32f4xx_hal_dma.o
    0x08002282   0x08002282   0x00000024   Code   RO         2678    i.HAL_DMA_Abort_IT  stm32f4xx_hal_dma.o
    0x080022a6   0x080022a6   0x00000002   PAD
    0x080022a8   0x080022a8   0x000001a0   Code   RO         2682    i.HAL_DMA_IRQHandler  stm32f4xx_hal_dma.o
    0x08002448   0x08002448   0x000000d4   Code   RO         2683    i.HAL_DMA_Init      stm32f4xx_hal_dma.o
    0x0800251c   0x0800251c   0x0000006e   Code   RO         2687    i.HAL_DMA_Start_IT  stm32f4xx_hal_dma.o
    0x0800258a   0x0800258a   0x00000002   PAD
    0x0800258c   0x0800258c   0x000001f0   Code   RO         2570    i.HAL_GPIO_Init     stm32f4xx_hal_gpio.o
    0x0800277c   0x0800277c   0x0000000c   Code   RO         3120    i.HAL_GetTick       stm32f4xx_hal.o
    0x08002788   0x08002788   0x00000010   Code   RO         3126    i.HAL_IncTick       stm32f4xx_hal.o
    0x08002798   0x08002798   0x00000034   Code   RO         3127    i.HAL_Init          stm32f4xx_hal.o
    0x080027cc   0x080027cc   0x0000008c   Code   RO          540    i.HAL_InitTick      stm32f4xx_hal_timebase_tim.o
    0x08002858   0x08002858   0x00000038   Code   RO          516    i.HAL_MspInit       stm32f4xx_hal_msp.o
    0x08002890   0x08002890   0x0000001a   Code   RO         2962    i.HAL_NVIC_EnableIRQ  stm32f4xx_hal_cortex.o
    0x080028aa   0x080028aa   0x00000002   PAD
    0x080028ac   0x080028ac   0x00000040   Code   RO         2968    i.HAL_NVIC_SetPriority  stm32f4xx_hal_cortex.o
    0x080028ec   0x080028ec   0x00000024   Code   RO         2969    i.HAL_NVIC_SetPriorityGrouping  stm32f4xx_hal_cortex.o
    0x08002910   0x08002910   0x00000134   Code   RO         2216    i.HAL_RCC_ClockConfig  stm32f4xx_hal_rcc.o
    0x08002a44   0x08002a44   0x00000040   Code   RO         2220    i.HAL_RCC_GetClockConfig  stm32f4xx_hal_rcc.o
    0x08002a84   0x08002a84   0x00000020   Code   RO         2223    i.HAL_RCC_GetPCLK1Freq  stm32f4xx_hal_rcc.o
    0x08002aa4   0x08002aa4   0x00000020   Code   RO         2224    i.HAL_RCC_GetPCLK2Freq  stm32f4xx_hal_rcc.o
    0x08002ac4   0x08002ac4   0x00000064   Code   RO         2225    i.HAL_RCC_GetSysClockFreq  stm32f4xx_hal_rcc.o
    0x08002b28   0x08002b28   0x0000036c   Code   RO         2228    i.HAL_RCC_OscConfig  stm32f4xx_hal_rcc.o
    0x08002e94   0x08002e94   0x00000002   Code   RO         1714    i.HAL_TIMEx_BreakCallback  stm32f4xx_hal_tim_ex.o
    0x08002e96   0x08002e96   0x00000002   Code   RO         1715    i.HAL_TIMEx_CommutCallback  stm32f4xx_hal_tim_ex.o
    0x08002e98   0x08002e98   0x0000005a   Code   RO         1010    i.HAL_TIM_Base_Init  stm32f4xx_hal_tim.o
    0x08002ef2   0x08002ef2   0x00000002   Code   RO         1012    i.HAL_TIM_Base_MspInit  stm32f4xx_hal_tim.o
    0x08002ef4   0x08002ef4   0x00000080   Code   RO         1015    i.HAL_TIM_Base_Start_IT  stm32f4xx_hal_tim.o
    0x08002f74   0x08002f74   0x00000002   Code   RO         1044    i.HAL_TIM_IC_CaptureCallback  stm32f4xx_hal_tim.o
    0x08002f76   0x08002f76   0x00000130   Code   RO         1058    i.HAL_TIM_IRQHandler  stm32f4xx_hal_tim.o
    0x080030a6   0x080030a6   0x00000002   Code   RO         1061    i.HAL_TIM_OC_DelayElapsedCallback  stm32f4xx_hal_tim.o
    0x080030a8   0x080030a8   0x00000002   Code   RO         1088    i.HAL_TIM_PWM_PulseFinishedCallback  stm32f4xx_hal_tim.o
    0x080030aa   0x080030aa   0x00000002   PAD
    0x080030ac   0x080030ac   0x00000014   Code   RO           14    i.HAL_TIM_PeriodElapsedCallback  main.o
    0x080030c0   0x080030c0   0x00000002   Code   RO         1101    i.HAL_TIM_TriggerCallback  stm32f4xx_hal_tim.o
    0x080030c2   0x080030c2   0x0000004a   Code   RO         3375    i.HAL_UARTEx_ReceiveToIdle_DMA  stm32f4xx_hal_uart.o
    0x0800310c   0x0800310c   0x00000014   Code   RO           15    i.HAL_UARTEx_RxEventCallback  main.o
    0x08003120   0x08003120   0x00000002   Code   RO         3391    i.HAL_UART_ErrorCallback  stm32f4xx_hal_uart.o
    0x08003122   0x08003122   0x00000002   PAD
    0x08003124   0x08003124   0x00000280   Code   RO         3394    i.HAL_UART_IRQHandler  stm32f4xx_hal_uart.o
    0x080033a4   0x080033a4   0x00000064   Code   RO         3395    i.HAL_UART_Init     stm32f4xx_hal_uart.o
    0x08003408   0x08003408   0x00000158   Code   RO          381    i.HAL_UART_MspInit  usart.o
    0x08003560   0x08003560   0x0000001c   Code   RO         3400    i.HAL_UART_Receive_IT  stm32f4xx_hal_uart.o
    0x0800357c   0x0800357c   0x0000005c   Code   RO          759    i.HAL_UART_RxCpltCallback  remote_control.o
    0x080035d8   0x080035d8   0x00000002   Code   RO         3402    i.HAL_UART_RxHalfCpltCallback  stm32f4xx_hal_uart.o
    0x080035da   0x080035da   0x000000a0   Code   RO         3403    i.HAL_UART_Transmit  stm32f4xx_hal_uart.o
    0x0800367a   0x0800367a   0x00000002   Code   RO         3406    i.HAL_UART_TxCpltCallback  stm32f4xx_hal_uart.o
    0x0800367c   0x0800367c   0x00000002   Code   RO          433    i.HardFault_Handler  stm32f4xx_it.o
    0x0800367e   0x0800367e   0x00000002   PAD
    0x08003680   0x08003680   0x00000044   Code   RO          316    i.MX_CAN1_Init      can.o
    0x080036c4   0x080036c4   0x0000004c   Code   RO          356    i.MX_DMA_Init       dma.o
    0x08003710   0x08003710   0x00000080   Code   RO          250    i.MX_FREERTOS_Init  freertos.o
    0x08003790   0x08003790   0x0000004c   Code   RO          226    i.MX_GPIO_Init      gpio.o
    0x080037dc   0x080037dc   0x00000038   Code   RO          382    i.MX_UART4_Init     usart.o
    0x08003814   0x08003814   0x00000044   Code   RO          383    i.MX_USART2_UART_Init  usart.o
    0x08003858   0x08003858   0x00000002   Code   RO          434    i.MemManage_Handler  stm32f4xx_it.o
    0x0800385a   0x0800385a   0x00000002   Code   RO          435    i.NMI_Handler       stm32f4xx_it.o
    0x0800385c   0x0800385c   0x00000020   Code   RO          579    i.PID_Controller_ClampFloat  pid_controller.o
    0x0800387c   0x0800387c   0x000000b8   Code   RO          580    i.PID_Controller_ComputeSinglePID  pid_controller.o
    0x08003934   0x08003934   0x00000024   Code   RO          581    i.PID_Controller_DegreesToCounts  pid_controller.o
    0x08003958   0x08003958   0x0000001c   Code   RO          583    i.PID_Controller_GetAnglePidPtr  pid_controller.o
    0x08003974   0x08003974   0x00000040   Code   RO          584    i.PID_Controller_GetMotorCurrentAngleDegrees  pid_controller.o
    0x080039b4   0x080039b4   0x00000040   Code   RO          585    i.PID_Controller_GetMotorTargetAngleDegrees  pid_controller.o
    0x080039f4   0x080039f4   0x0000001c   Code   RO          587    i.PID_Controller_GetSpeedPidPtr  pid_controller.o
    0x08003a10   0x08003a10   0x00000028   Code   RO          590    i.PID_Controller_Reset  pid_controller.o
    0x08003a38   0x08003a38   0x0000001c   Code   RO          592    i.PID_Controller_ResetSinglePID  pid_controller.o
    0x08003a54   0x08003a54   0x00000078   Code   RO          593    i.PID_Controller_SetAnglePID  pid_controller.o
    0x08003acc   0x08003acc   0x00000078   Code   RO          594    i.PID_Controller_SetSpeedPID  pid_controller.o
    0x08003b44   0x08003b44   0x00000010   Code   RO          595    i.PID_Controller_SetTargetAngleCounts  pid_controller.o
    0x08003b54   0x08003b54   0x0000002a   Code   RO          596    i.PID_Controller_SetTargetAngleDegrees  pid_controller.o
    0x08003b7e   0x08003b7e   0x00000002   PAD
    0x08003b80   0x08003b80   0x00000104   Code   RO          597    i.PID_Controller_Update  pid_controller.o
    0x08003c84   0x08003c84   0x0000004c   Code   RO          598    i.PID_Controller_UpdateMotorState  pid_controller.o
    0x08003cd0   0x08003cd0   0x00000020   Code   RO          760    i.Remote_Control_ClampFloat  remote_control.o
    0x08003cf0   0x08003cf0   0x00000070   Code   RO          761    i.Remote_Control_DecodeFrame  remote_control.o
    0x08003d60   0x08003d60   0x00000008   Code   RO          762    i.Remote_Control_GetData  remote_control.o
    0x08003d68   0x08003d68   0x00000024   Code   RO          768    i.Remote_Control_IsOnline  remote_control.o
    0x08003d8c   0x08003d8c   0x00000074   Code   RO          769    i.Remote_Control_MapChannelToAngle  remote_control.o
    0x08003e00   0x08003e00   0x00000008   Code   RO          251    i.StartDefaultTask  freertos.o
    0x08003e08   0x08003e08   0x0000000c   Code   RO          924    i.StartTask02       task.o
    0x08003e14   0x08003e14   0x0000000c   Code   RO          925    i.StartTask03       task.o
    0x08003e20   0x08003e20   0x00000044   Code   RO          926    i.StartTask04       task.o
    0x08003e64   0x08003e64   0x0000001a   Code   RO         4876    i.SysTick_Handler   cmsis_os2.o
    0x08003e7e   0x08003e7e   0x00000002   PAD
    0x08003e80   0x08003e80   0x00000094   Code   RO           16    i.SystemClock_Config  main.o
    0x08003f14   0x08003f14   0x00000010   Code   RO         3729    i.SystemInit        system_stm32f4xx.o
    0x08003f24   0x08003f24   0x0000000c   Code   RO          436    i.TIM1_UP_TIM10_IRQHandler  stm32f4xx_it.o
    0x08003f30   0x08003f30   0x000000d0   Code   RO         1103    i.TIM_Base_SetConfig  stm32f4xx_hal_tim.o
    0x08004000   0x08004000   0x0000000c   Code   RO          437    i.UART4_IRQHandler  stm32f4xx_it.o
    0x0800400c   0x0800400c   0x0000000e   Code   RO         3408    i.UART_DMAAbortOnError  stm32f4xx_hal_uart.o
    0x0800401a   0x0800401a   0x0000004a   Code   RO         3409    i.UART_DMAError     stm32f4xx_hal_uart.o
    0x08004064   0x08004064   0x00000086   Code   RO         3410    i.UART_DMAReceiveCplt  stm32f4xx_hal_uart.o
    0x080040ea   0x080040ea   0x0000001e   Code   RO         3412    i.UART_DMARxHalfCplt  stm32f4xx_hal_uart.o
    0x08004108   0x08004108   0x0000004e   Code   RO         3418    i.UART_EndRxTransfer  stm32f4xx_hal_uart.o
    0x08004156   0x08004156   0x0000001c   Code   RO         3419    i.UART_EndTxTransfer  stm32f4xx_hal_uart.o
    0x08004172   0x08004172   0x000000c2   Code   RO         3420    i.UART_Receive_IT   stm32f4xx_hal_uart.o
    0x08004234   0x08004234   0x0000010c   Code   RO         3421    i.UART_SetConfig    stm32f4xx_hal_uart.o
    0x08004340   0x08004340   0x000000a0   Code   RO         3422    i.UART_Start_Receive_DMA  stm32f4xx_hal_uart.o
    0x080043e0   0x080043e0   0x00000036   Code   RO         3423    i.UART_Start_Receive_IT  stm32f4xx_hal_uart.o
    0x08004416   0x08004416   0x00000072   Code   RO         3424    i.UART_WaitOnFlagUntilTimeout  stm32f4xx_hal_uart.o
    0x08004488   0x08004488   0x00000002   Code   RO          438    i.UsageFault_Handler  stm32f4xx_it.o
    0x0800448a   0x0800448a   0x0000002a   Code   RO          849    i.Usart_RxCallBack_AppendFloat  usart_rxcallback.o
    0x080044b4   0x080044b4   0x0000003e   Code   RO          850    i.Usart_RxCallBack_FindSubstring  usart_rxcallback.o
    0x080044f2   0x080044f2   0x00000002   PAD
    0x080044f4   0x080044f4   0x00000024   Code   RO          851    i.Usart_RxCallBack_Init  usart_rxcallback.o
    0x08004518   0x08004518   0x00000238   Code   RO          852    i.Usart_RxCallBack_ParseLine  usart_rxcallback.o
    0x08004750   0x08004750   0x0000006c   Code   RO          853    i.Usart_RxCallBack_ProcessRxData  usart_rxcallback.o
    0x080047bc   0x080047bc   0x00000074   Code   RO          854    i.Usart_RxCallBack_SendVofaJustFloat  usart_rxcallback.o
    0x08004830   0x08004830   0x00000028   Code   RO          855    i.Usart_RxCallBack_StartDmaReception  usart_rxcallback.o
    0x08004858   0x08004858   0x00000020   Code   RO         2975    i.__NVIC_SetPriority  stm32f4xx_hal_cortex.o
    0x08004878   0x08004878   0x000000f8   Code   RO         5573    i.__hardfp___mathlib_tofloat  m_wm.l(narrow.o)
    0x08004970   0x08004970   0x000000d0   Code   RO         5825    i.__hardfp_ldexp    m_wm.l(ldexp.o)
    0x08004a40   0x08004a40   0x00000020   Code   RO         5540    i.__hardfp_strtof   m_wm.l(strtof.o)
    0x08004a60   0x08004a60   0x00000020   Code   RO         5847    i.__mathlib_dbl_overflow  m_wm.l(dunder.o)
    0x08004a80   0x08004a80   0x00000020   Code   RO         5849    i.__mathlib_dbl_underflow  m_wm.l(dunder.o)
    0x08004aa0   0x08004aa0   0x00000012   Code   RO         5574    i.__mathlib_narrow  m_wm.l(narrow.o)
    0x08004ab2   0x08004ab2   0x00000014   Code   RO         5827    i.__support_ldexp   m_wm.l(ldexp.o)
    0x08004ac6   0x08004ac6   0x0000000e   Code   RO         5636    i._is_digit         c_w.l(scanf_fp.o)
    0x08004ad4   0x08004ad4   0x00000004   PAD
    0x08004ad8   0x08004ad8   0x0000008c   Code   RO         5616    i.frexp             m_wm.l(frexp.o)
    0x08004b64   0x08004b64   0x00000032   Code   RO           17    i.main              main.o
    0x08004b96   0x08004b96   0x0000001a   Code   RO         4878    i.osDelay           cmsis_os2.o
    0x08004bb0   0x08004bb0   0x00000024   Code   RO         4892    i.osKernelInitialize  cmsis_os2.o
    0x08004bd4   0x08004bd4   0x00000038   Code   RO         4895    i.osKernelStart     cmsis_os2.o
    0x08004c0c   0x08004c0c   0x00000064   Code   RO         4907    i.osMessageQueueGet  cmsis_os2.o
    0x08004c70   0x08004c70   0x00000058   Code   RO         4912    i.osMessageQueueNew  cmsis_os2.o
    0x08004cc8   0x08004cc8   0x00000068   Code   RO         4913    i.osMessageQueuePut  cmsis_os2.o
    0x08004d30   0x08004d30   0x0000008a   Code   RO         4937    i.osThreadNew       cmsis_os2.o
    0x08004dba   0x08004dba   0x00000002   PAD
    0x08004dbc   0x08004dbc   0x0000005c   Code   RO         4337    i.prvAddCurrentTaskToDelayedList  tasks.o
    0x08004e18   0x08004e18   0x000000d0   Code   RO         4338    i.prvAddNewTaskToReadyList  tasks.o
    0x08004ee8   0x08004ee8   0x00000058   Code   RO         4702    i.prvCheckForValidListAndQueue  timers.o
    0x08004f40   0x08004f40   0x00000026   Code   RO         3934    i.prvCopyDataFromQueue  queue.o
    0x08004f66   0x08004f66   0x0000006c   Code   RO         3935    i.prvCopyDataToQueue  queue.o
    0x08004fd2   0x08004fd2   0x00000034   Code   RO         4339    i.prvDeleteTCB      tasks.o
    0x08005006   0x08005006   0x00000002   PAD
    0x08005008   0x08005008   0x0000004c   Code   RO         5386    i.prvHeapInit       heap_4.o
    0x08005054   0x08005054   0x00000060   Code   RO         4340    i.prvIdleTask       tasks.o
    0x080050b4   0x080050b4   0x00000022   Code   RO         3937    i.prvInitialiseNewQueue  queue.o
    0x080050d6   0x080050d6   0x00000002   PAD
    0x080050d8   0x080050d8   0x000000b0   Code   RO         4341    i.prvInitialiseNewTask  tasks.o
    0x08005188   0x08005188   0x0000004c   Code   RO         5387    i.prvInsertBlockIntoFreeList  heap_4.o
    0x080051d4   0x080051d4   0x00000038   Code   RO         4704    i.prvInsertTimerInActiveList  timers.o
    0x0800520c   0x0800520c   0x0000001c   Code   RO         3938    i.prvIsQueueEmpty   queue.o
    0x08005228   0x08005228   0x000000fc   Code   RO         4705    i.prvProcessReceivedCommands  timers.o
    0x08005324   0x08005324   0x000000c0   Code   RO         4706    i.prvProcessTimerOrBlockTask  timers.o
    0x080053e4   0x080053e4   0x00000020   Code   RO         4343    i.prvResetNextTaskUnblockTime  tasks.o
    0x08005404   0x08005404   0x00000028   Code   RO         4707    i.prvSampleTimeNow  timers.o
    0x0800542c   0x0800542c   0x0000006c   Code   RO         4708    i.prvSwitchTimerLists  timers.o
    0x08005498   0x08005498   0x00000028   Code   RO         5442    i.prvTaskExitError  port.o
    0x080054c0   0x080054c0   0x00000024   Code   RO         4709    i.prvTimerTask      timers.o
    0x080054e4   0x080054e4   0x0000006a   Code   RO         3939    i.prvUnlockQueue    queue.o
    0x0800554e   0x0800554e   0x00000002   PAD
    0x08005550   0x08005550   0x000000dc   Code   RO         5388    i.pvPortMalloc      heap_4.o
    0x0800562c   0x0800562c   0x0000002c   Code   RO         5443    i.pxPortInitialiseStack  port.o
    0x08005658   0x08005658   0x00000026   Code   RO         3894    i.uxListRemove      list.o
    0x0800567e   0x0800567e   0x00000002   PAD
    0x08005680   0x08005680   0x00000014   Code   RO         4949    i.vApplicationGetIdleTaskMemory  cmsis_os2.o
    0x08005694   0x08005694   0x00000018   Code   RO         4950    i.vApplicationGetTimerTaskMemory  cmsis_os2.o
    0x080056ac   0x080056ac   0x00000016   Code   RO         3895    i.vListInitialise   list.o
    0x080056c2   0x080056c2   0x00000006   Code   RO         3896    i.vListInitialiseItem  list.o
    0x080056c8   0x080056c8   0x00000030   Code   RO         3897    i.vListInsert       list.o
    0x080056f8   0x080056f8   0x00000018   Code   RO         3898    i.vListInsertEnd    list.o
    0x08005710   0x08005710   0x00000040   Code   RO         5445    i.vPortEnterCritical  port.o
    0x08005750   0x08005750   0x00000028   Code   RO         5446    i.vPortExitCritical  port.o
    0x08005778   0x08005778   0x00000064   Code   RO         5389    i.vPortFree         heap_4.o
    0x080057dc   0x080057dc   0x00000024   Code   RO         5447    i.vPortSetupTimerInterrupt  port.o
    0x08005800   0x08005800   0x00000054   Code   RO         5448    i.vPortValidateInterruptPriority  port.o
    0x08005854   0x08005854   0x00000028   Code   RO         3945    i.vQueueAddToRegistry  queue.o
    0x0800587c   0x0800587c   0x00000044   Code   RO         3949    i.vQueueWaitForMessageRestricted  queue.o
    0x080058c0   0x080058c0   0x0000004c   Code   RO         4356    i.vTaskDelay        tasks.o
    0x0800590c   0x0800590c   0x00000010   Code   RO         4361    i.vTaskInternalSetTimeOutState  tasks.o
    0x0800591c   0x0800591c   0x0000000c   Code   RO         4362    i.vTaskMissedYield  tasks.o
    0x08005928   0x08005928   0x00000030   Code   RO         4364    i.vTaskPlaceOnEventList  tasks.o
    0x08005958   0x08005958   0x00000038   Code   RO         4365    i.vTaskPlaceOnEventListRestricted  tasks.o
    0x08005990   0x08005990   0x00000088   Code   RO         4373    i.vTaskStartScheduler  tasks.o
    0x08005a18   0x08005a18   0x00000010   Code   RO         4375    i.vTaskSuspendAll   tasks.o
    0x08005a28   0x08005a28   0x00000064   Code   RO         4376    i.vTaskSwitchContext  tasks.o
    0x08005a8c   0x08005a8c   0x000000f4   Code   RO         5449    i.xPortStartScheduler  port.o
    0x08005b80   0x08005b80   0x0000002c   Code   RO         5450    i.xPortSysTickHandler  port.o
    0x08005bac   0x08005bac   0x00000042   Code   RO         3954    i.xQueueGenericCreate  queue.o
    0x08005bee   0x08005bee   0x00000066   Code   RO         3955    i.xQueueGenericCreateStatic  queue.o
    0x08005c54   0x08005c54   0x00000088   Code   RO         3956    i.xQueueGenericReset  queue.o
    0x08005cdc   0x08005cdc   0x00000160   Code   RO         3957    i.xQueueGenericSend  queue.o
    0x08005e3c   0x08005e3c   0x000000be   Code   RO         3958    i.xQueueGenericSendFromISR  queue.o
    0x08005efa   0x08005efa   0x00000002   PAD
    0x08005efc   0x08005efc   0x00000138   Code   RO         3967    i.xQueueReceive     queue.o
    0x08006034   0x08006034   0x0000009a   Code   RO         3968    i.xQueueReceiveFromISR  queue.o
    0x080060ce   0x080060ce   0x00000002   PAD
    0x080060d0   0x080060d0   0x00000074   Code   RO         4378    i.xTaskCheckForTimeOut  tasks.o
    0x08006144   0x08006144   0x0000005a   Code   RO         4379    i.xTaskCreate       tasks.o
    0x0800619e   0x0800619e   0x00000056   Code   RO         4380    i.xTaskCreateStatic  tasks.o
    0x080061f4   0x080061f4   0x0000001c   Code   RO         4384    i.xTaskGetSchedulerState  tasks.o
    0x08006210   0x08006210   0x0000000c   Code   RO         4385    i.xTaskGetTickCount  tasks.o
    0x0800621c   0x0800621c   0x000000c8   Code   RO         4387    i.xTaskIncrementTick  tasks.o
    0x080062e4   0x080062e4   0x00000080   Code   RO         4390    i.xTaskPriorityDisinherit  tasks.o
    0x08006364   0x08006364   0x00000070   Code   RO         4392    i.xTaskRemoveFromEventList  tasks.o
    0x080063d4   0x080063d4   0x000000c4   Code   RO         4393    i.xTaskResumeAll    tasks.o
    0x08006498   0x08006498   0x00000060   Code   RO         4718    i.xTimerCreateTimerTask  timers.o
    0x080064f8   0x080064f8   0x00000068   Code   RO         4719    i.xTimerGenericCommand  timers.o
    0x08006560   0x08006560   0x0000002c   Code   RO         5590    locale$$code        c_w.l(lc_numeric_c.o)
    0x0800658c   0x0800658c   0x0000002c   Code   RO         5739    locale$$code        c_w.l(lc_ctype_c.o)
    0x080065b8   0x080065b8   0x00000062   Code   RO         5604    x$fpl$d2f           fz_wm.l(d2f.o)
    0x0800661a   0x0800661a   0x00000002   PAD
    0x0800661c   0x0800661c   0x00000010   Code   RO         5864    x$fpl$dcheck1       fz_wm.l(dcheck1.o)
    0x0800662c   0x0800662c   0x00000018   Code   RO         5689    x$fpl$dcmpinf       fz_wm.l(dcmpi.o)
    0x08006644   0x08006644   0x00000078   Code   RO         5606    x$fpl$deqf          fz_wm.l(deqf.o)
    0x080066bc   0x080066bc   0x00000078   Code   RO         5691    x$fpl$dleqf         fz_wm.l(dleqf.o)
    0x08006734   0x08006734   0x00000154   Code   RO         5693    x$fpl$dmul          fz_wm.l(dmul.o)
    0x08006888   0x08006888   0x0000009c   Code   RO         5695    x$fpl$dnaninf       fz_wm.l(dnaninf.o)
    0x08006924   0x08006924   0x0000000c   Code   RO         5747    x$fpl$dretinf       fz_wm.l(dretinf.o)
    0x08006930   0x08006930   0x0000006c   Code   RO         5608    x$fpl$drleqf        fz_wm.l(drleqf.o)
    0x0800699c   0x0800699c   0x0000000a   Code   RO         5753    x$fpl$fpinit        fz_wm.l(fpinit.o)
    0x080069a6   0x080069a6   0x0000000a   Code   RO         5697    x$fpl$fretinf       fz_wm.l(fretinf.o)
    0x080069b0   0x080069b0   0x00000006   Code   RO         5610    x$fpl$ieeestatus    fz_wm.l(istatus.o)
    0x080069b6   0x080069b6   0x00000064   Code   RO         5870    x$fpl$retnan        fz_wm.l(retnan.o)
    0x08006a1a   0x08006a1a   0x0000005c   Code   RO         5841    x$fpl$scalbn        fz_wm.l(scalbn.o)
    0x08006a76   0x08006a76   0x00000004   Code   RO         5612    x$fpl$scanf1        fz_wm.l(scanf1.o)
    0x08006a7a   0x08006a7a   0x00000008   Code   RO         5755    x$fpl$scanf2        fz_wm.l(scanf2.o)
    0x08006a82   0x08006a82   0x00000030   Code   RO         5872    x$fpl$trapveneer    fz_wm.l(trapv.o)
    0x08006ab2   0x08006ab2   0x00000000   Code   RO         5553    x$fpl$usenofp       fz_wm.l(usenofp.o)
    0x08006ab2   0x08006ab2   0x00000002   PAD
    0x08006ab4   0x08006ab4   0x000000d8   Data   RO          255    .constdata          freertos.o
    0x08006b8c   0x08006b8c   0x00000008   Data   RO         2689    .constdata          stm32f4xx_hal_dma.o
    0x08006b94   0x08006b94   0x00000010   Data   RO         3730    .constdata          system_stm32f4xx.o
    0x08006ba4   0x08006ba4   0x00000008   Data   RO         3731    .constdata          system_stm32f4xx.o
    0x08006bac   0x08006bac   0x00000094   Data   RO         5714    .constdata          c_w.l(bigflt0.o)
    0x08006c40   0x08006c40   0x0000006b   Data   RO          256    .conststring        freertos.o
    0x08006cab   0x08006cab   0x00000001   PAD
    0x08006cac   0x08006cac   0x00000020   Data   RO         5874    Region$$Table       anon$$obj.o
    0x08006ccc   0x08006ccc   0x00000008   Data   RO         5749    c$$dinf             fz_wm.l(fpconst.o)
    0x08006cd4   0x08006cd4   0x00000008   Data   RO         5752    c$$dmax             fz_wm.l(fpconst.o)
    0x08006cdc   0x08006cdc   0x0000001c   Data   RO         5589    locale$$data        c_w.l(lc_numeric_c.o)
    0x08006cf8   0x08006cf8   0x00000110   Data   RO         5738    locale$$data        c_w.l(lc_ctype_c.o)


    Execution Region RW_IRAM1 (Exec base: 0x20000000, Load base: 0x08006e08, Size: 0x00005430, Max: 0x0001c000, ABSOLUTE)

    Exec Addr    Load Addr    Size         Type   Attr      Idx    E Section Name        Object

    0x20000000   0x08006e08   0x0000001c   Data   RW          257    .data               freertos.o
    0x2000001c   0x08006e24   0x00000002   Data   RW          772    .data               remote_control.o
    0x2000001e   0x08006e26   0x00000002   PAD
    0x20000020   0x08006e28   0x00000004   Data   RW          857    .data               usart_rxcallback.o
    0x20000024   0x08006e2c   0x00000020   Data   RW          927    .data               task.o
    0x20000044   0x08006e4c   0x0000000c   Data   RW         3134    .data               stm32f4xx_hal.o
    0x20000050   0x08006e58   0x00000004   Data   RW         3732    .data               system_stm32f4xx.o
    0x20000054   0x08006e5c   0x0000003c   Data   RW         4396    .data               tasks.o
    0x20000090   0x08006e98   0x00000014   Data   RW         4727    .data               timers.o
    0x200000a4   0x08006eac   0x00000004   Data   RW         4952    .data               cmsis_os2.o
    0x200000a8   0x08006eb0   0x00000020   Data   RW         5395    .data               heap_4.o
    0x200000c8   0x08006ed0   0x0000000c   Data   RW         5451    .data               port.o
    0x200000d4        -       0x00000028   Zero   RW          317    .bss                can.o
    0x200000fc        -       0x000001b0   Zero   RW          384    .bss                usart.o
    0x200002ac        -       0x00000048   Zero   RW          543    .bss                stm32f4xx_hal_timebase_tim.o
    0x200002f4        -       0x00000098   Zero   RW          599    .bss                pid_controller.o
    0x2000038c        -       0x00000020   Zero   RW          715    .bss                can_motor.o
    0x200003ac        -       0x00000049   Zero   RW          771    .bss                remote_control.o
    0x200003f5        -       0x00000100   Zero   RW          856    .bss                usart_rxcallback.o
    0x200004f5   0x08006edc   0x00000003   PAD
    0x200004f8        -       0x00000040   Zero   RW         3971    .bss                queue.o
    0x20000538        -       0x000004c4   Zero   RW         4395    .bss                tasks.o
    0x200009fc        -       0x00000118   Zero   RW         4726    .bss                timers.o
    0x20000b14        -       0x000006b8   Zero   RW         4951    .bss                cmsis_os2.o
    0x200011cc        -       0x00003c00   Zero   RW         5394    .bss                heap_4.o
    0x20004dcc        -       0x00000060   Zero   RW         5621    .bss                c_w.l(libspace.o)
    0x20004e2c   0x08006edc   0x00000004   PAD
    0x20004e30        -       0x00000200   Zero   RW            2    HEAP                startup_stm32f405xx.o
    0x20005030        -       0x00000400   Zero   RW            1    STACK               startup_stm32f405xx.o


    Execution Region RW_IRAM2 (Exec base: 0x2001c000, Load base: 0x08006edc, Size: 0x00000000, Max: 0x00004000, ABSOLUTE)

    **** No section assigned to this execution region ****


==============================================================================

Image component sizes


      Code (inc. data)   RO Data    RW Data    ZI Data      Debug   Object Name

       176         22          0          0         40       1733   can.o
       146         12          0          0         32       2621   can_motor.o
       618         30          0          4       1720      64763   cmsis_os2.o
        76          4          0          0          0        814   dma.o
         0          0          0          0          0      19504   event_groups.o
       136         26        323         28          0       2561   freertos.o
        76          6          0          0          0        891   gpio.o
       472         24          0         32      15360       4931   heap_4.o
       138          0          0          0          0       3606   list.o
       242         18          0          0          0     670645   main.o
      1138        104          0          0        152      12531   pid_controller.o
       786         82          0         12          0      11633   port.o
      1734         20          0          0         64      20093   queue.o
       396         54          0          2         73       5161   remote_control.o
        64         26        392          0       1536        856   startup_stm32f405xx.o
        80         14          0         12          0       8146   stm32f4xx_hal.o
       490          0          0          0          0       2550   stm32f4xx_hal_can.o
       158         14          0          0          0      33078   stm32f4xx_hal_cortex.o
      1084         16          8          0          0       7446   stm32f4xx_hal_dma.o
       496         46          0          0          0       1556   stm32f4xx_hal_gpio.o
        56          4          0          0          0        890   stm32f4xx_hal_msp.o
      1412         86          0          0          0       5993   stm32f4xx_hal_rcc.o
       740         72          0          0          0       7612   stm32f4xx_hal_tim.o
         4          0          0          0          0       1665   stm32f4xx_hal_tim_ex.o
       140         20          0          0         72       1463   stm32f4xx_hal_timebase_tim.o
      2156         28          0          0          0      16069   stm32f4xx_hal_uart.o
        72         30          0          0          0       5285   stm32f4xx_it.o
         0          0          0          0          0        392   stream_buffer.o
        16          4         24          4          0       1163   system_stm32f4xx.o
      1150         64          0         32          0      19583   task.o
      2084        168          0         60       1220      27188   tasks.o
       972         80          0         20        280      32315   timers.o
       468         52          0          0        432       2760   usart.o
       972         70          0          4        256       7507   usart_rxcallback.o

    ----------------------------------------------------------------------
     18788       1196        780        212      21240    1005004   Object Totals
         0          0         32          0          0          0   (incl. Generated)
        40          0          1          2          3          0   (incl. Padding)

    ----------------------------------------------------------------------

      Code (inc. data)   RO Data    RW Data    ZI Data      Debug   Library Member Name

         8          0          0          0          0         68   __main.o
         0          0          0          0          0          0   __rtentry.o
        12          0          0          0          0          0   __rtentry2.o
         6          0          0          0          0          0   __rtentry4.o
        52          8          0          0          0          0   __scatter.o
        26          0          0          0          0          0   __scatter_copy.o
        28          0          0          0          0          0   __scatter_zi.o
        28          0          0          0          0         68   _chval.o
        22          0          0          0          0        100   _rserrno.o
        64          0          0          0          0         84   _sgetc.o
        16          0          0          0          0         68   aeabi_memset.o
       228          4        148          0          0         96   bigflt0.o
      1924        136          0          0          0        756   btod.o
        18          0          0          0          0         80   exit.o
         6          0          0          0          0        152   heapauxi.o
         0          0          0          0          0          0   indicate_semi.o
        18          0          0          0          0         76   isspace.o
        44         10        272          0          0         76   lc_ctype_c.o
        44         10         28          0          0         76   lc_numeric_c.o
         2          0          0          0          0          0   libinit.o
        34          0          0          0          0          0   libinit2.o
         2          0          0          0          0          0   libshutdown.o
         2          0          0          0          0          0   libshutdown2.o
         8          4          0          0         96         68   libspace.o
        38          0          0          0          0         68   llshl.o
       238          0          0          0          0        100   lludivv7m.o
        20          0          0          0          0         68   memchr.o
        16          4          0          0          0         76   rt_ctype_table.o
         8          4          0          0          0         68   rt_errno_addr_intlibspace.o
         8          4          0          0          0         68   rt_locale_intlibspace.o
        68          0          0          0          0         68   rt_memclr.o
        78          0          0          0          0         80   rt_memclr_w.o
       138          0          0          0          0         68   rt_memcpy_v6.o
       100          0          0          0          0         80   rt_memcpy_w.o
         2          0          0          0          0          0   rtexit.o
        10          0          0          0          0          0   rtexit2.o
      1286         16          0          0          0        236   scanf_fp.o
       800         14          0          0          0        100   scanf_hexfp.o
       308         16          0          0          0        100   scanf_infnan.o
       128          0          0          0          0         68   strcmpv7m.o
       164         14          0          0          0        120   strtod.o
        26          0          0          0          0         80   strtof.o
        12          4          0          0          0         68   sys_exit.o
        74          0          0          0          0         80   sys_stackheap_outer.o
         2          0          0          0          0         68   use_no_semi.o
        98          4          0          0          0        140   d2f.o
        16          4          0          0          0        116   dcheck1.o
        24          0          0          0          0        116   dcmpi.o
       120          4          0          0          0        140   deqf.o
       120          4          0          0          0        140   dleqf.o
       340         12          0          0          0        152   dmul.o
       156          4          0          0          0        140   dnaninf.o
        12          0          0          0          0        116   dretinf.o
       108          0          0          0          0        128   drleqf.o
         0          0         16          0          0          0   fpconst.o
        10          0          0          0          0        116   fpinit.o
        10          0          0          0          0        116   fretinf.o
         6          0          0          0          0        116   istatus.o
       100          0          0          0          0        116   retnan.o
        92          0          0          0          0        116   scalbn.o
         4          0          0          0          0        116   scanf1.o
         8          0          0          0          0        132   scanf2.o
        48          0          0          0          0        116   trapv.o
         0          0          0          0          0          0   usenofp.o
        64         16          0          0          0        248   dunder.o
       140         22          0          0          0        132   frexp.o
       228          8          0          0          0        308   ldexp.o
       266         16          0          0          0        308   narrow.o
        32          6          0          0          0        124   strtof.o

    ----------------------------------------------------------------------
      8136        350        464          0        100       6684   Library Totals
        18          2          0          0          4          0   (incl. Padding)

    ----------------------------------------------------------------------

      Code (inc. data)   RO Data    RW Data    ZI Data      Debug   Library Name

      6116        248        448          0         96       3432   c_w.l
      1272         32         16          0          0       2132   fz_wm.l
       730         68          0          0          0       1120   m_wm.l

    ----------------------------------------------------------------------
      8136        350        464          0        100       6684   Library Totals

    ----------------------------------------------------------------------

==============================================================================


      Code (inc. data)   RO Data    RW Data    ZI Data      Debug   

     26924       1546       1244        212      21340     988416   Grand Totals
     26924       1546       1244        212      21340     988416   ELF Image Totals
     26924       1546       1244        212          0          0   ROM Totals

==============================================================================

    Total RO  Size (Code + RO Data)                28168 (  27.51kB)
    Total RW  Size (RW Data + ZI Data)             21552 (  21.05kB)
    Total ROM Size (Code + RO Data + RW Data)      28380 (  27.71kB)

==============================================================================

